Archive member included to satisfy reference by file (symbol)

/usr/lib/gcc/arm-none-eabi/7.3.1/../../../arm-none-eabi/lib/thumb/v7-m/libc_nano.a(lib_a-atexit.o)
                              /usr/lib/gcc/arm-none-eabi/7.3.1/../../../arm-none-eabi/lib/thumb/v7-m/crt0.o (atexit)
/usr/lib/gcc/arm-none-eabi/7.3.1/../../../arm-none-eabi/lib/thumb/v7-m/libc_nano.a(lib_a-exit.o)
                              /usr/lib/gcc/arm-none-eabi/7.3.1/../../../arm-none-eabi/lib/thumb/v7-m/crt0.o (exit)
/usr/lib/gcc/arm-none-eabi/7.3.1/../../../arm-none-eabi/lib/thumb/v7-m/libc_nano.a(lib_a-fini.o)
                              /usr/lib/gcc/arm-none-eabi/7.3.1/../../../arm-none-eabi/lib/thumb/v7-m/crt0.o (__libc_fini_array)
/usr/lib/gcc/arm-none-eabi/7.3.1/../../../arm-none-eabi/lib/thumb/v7-m/libc_nano.a(lib_a-impure.o)
                              /usr/lib/gcc/arm-none-eabi/7.3.1/../../../arm-none-eabi/lib/thumb/v7-m/libc_nano.a(lib_a-exit.o) (_global_impure_ptr)
/usr/lib/gcc/arm-none-eabi/7.3.1/../../../arm-none-eabi/lib/thumb/v7-m/libc_nano.a(lib_a-init.o)
                              /usr/lib/gcc/arm-none-eabi/7.3.1/../../../arm-none-eabi/lib/thumb/v7-m/crt0.o (__libc_init_array)
/usr/lib/gcc/arm-none-eabi/7.3.1/../../../arm-none-eabi/lib/thumb/v7-m/libc_nano.a(lib_a-malloc.o)
                              build/heap_3.o (malloc)
/usr/lib/gcc/arm-none-eabi/7.3.1/../../../arm-none-eabi/lib/thumb/v7-m/libc_nano.a(lib_a-memcpy.o)
                              build/queue.o (memcpy)
/usr/lib/gcc/arm-none-eabi/7.3.1/../../../arm-none-eabi/lib/thumb/v7-m/libc_nano.a(lib_a-memset.o)
                              /usr/lib/gcc/arm-none-eabi/7.3.1/../../../arm-none-eabi/lib/thumb/v7-m/crt0.o (memset)
/usr/lib/gcc/arm-none-eabi/7.3.1/../../../arm-none-eabi/lib/thumb/v7-m/libc_nano.a(lib_a-nano-freer.o)
                              /usr/lib/gcc/arm-none-eabi/7.3.1/../../../arm-none-eabi/lib/thumb/v7-m/libc_nano.a(lib_a-malloc.o) (_free_r)
/usr/lib/gcc/arm-none-eabi/7.3.1/../../../arm-none-eabi/lib/thumb/v7-m/libc_nano.a(lib_a-nano-mallocr.o)
                              /usr/lib/gcc/arm-none-eabi/7.3.1/../../../arm-none-eabi/lib/thumb/v7-m/libc_nano.a(lib_a-malloc.o) (_malloc_r)
/usr/lib/gcc/arm-none-eabi/7.3.1/../../../arm-none-eabi/lib/thumb/v7-m/libc_nano.a(lib_a-sbrkr.o)
                              /usr/lib/gcc/arm-none-eabi/7.3.1/../../../arm-none-eabi/lib/thumb/v7-m/libc_nano.a(lib_a-nano-mallocr.o) (_sbrk_r)
/usr/lib/gcc/arm-none-eabi/7.3.1/../../../arm-none-eabi/lib/thumb/v7-m/libc_nano.a(lib_a-__atexit.o)
                              /usr/lib/gcc/arm-none-eabi/7.3.1/../../../arm-none-eabi/lib/thumb/v7-m/libc_nano.a(lib_a-atexit.o) (__register_exitproc)
/usr/lib/gcc/arm-none-eabi/7.3.1/../../../arm-none-eabi/lib/thumb/v7-m/libc_nano.a(lib_a-__call_atexit.o)
                              /usr/lib/gcc/arm-none-eabi/7.3.1/../../../arm-none-eabi/lib/thumb/v7-m/libc_nano.a(lib_a-__atexit.o) (__call_exitprocs)
/usr/lib/gcc/arm-none-eabi/7.3.1/../../../arm-none-eabi/lib/thumb/v7-m/libc_nano.a(lib_a-mlock.o)
                              /usr/lib/gcc/arm-none-eabi/7.3.1/../../../arm-none-eabi/lib/thumb/v7-m/libc_nano.a(lib_a-nano-freer.o) (__malloc_lock)
/usr/lib/gcc/arm-none-eabi/7.3.1/../../../arm-none-eabi/lib/thumb/v7-m/libc_nano.a(lib_a-reent.o)
                              /usr/lib/gcc/arm-none-eabi/7.3.1/../../../arm-none-eabi/lib/thumb/v7-m/libc_nano.a(lib_a-sbrkr.o) (errno)
/usr/lib/gcc/arm-none-eabi/7.3.1/../../../arm-none-eabi/lib/thumb/v7-m/libnosys.a(sbrk.o)
                              /usr/lib/gcc/arm-none-eabi/7.3.1/../../../arm-none-eabi/lib/thumb/v7-m/libc_nano.a(lib_a-sbrkr.o) (_sbrk)
/usr/lib/gcc/arm-none-eabi/7.3.1/../../../arm-none-eabi/lib/thumb/v7-m/libnosys.a(_exit.o)
                              /usr/lib/gcc/arm-none-eabi/7.3.1/../../../arm-none-eabi/lib/thumb/v7-m/libc_nano.a(lib_a-exit.o) (_exit)

Allocating common symbols
Common symbol       size              file

errno               0x4               /usr/lib/gcc/arm-none-eabi/7.3.1/../../../arm-none-eabi/lib/thumb/v7-m/libc_nano.a(lib_a-reent.o)
uwTick              0x4               build/stm32f1xx_hal.o
xQueueRegistry      0x40              build/queue.o
pFlash              0x20              build/stm32f1xx_hal_flash.o
hrtc                0x14              build/main.o

Discarded input sections

 .text          0x0000000000000000        0x0 /usr/lib/gcc/arm-none-eabi/7.3.1/thumb/v7-m/crti.o
 .data          0x0000000000000000        0x0 /usr/lib/gcc/arm-none-eabi/7.3.1/thumb/v7-m/crti.o
 .bss           0x0000000000000000        0x0 /usr/lib/gcc/arm-none-eabi/7.3.1/thumb/v7-m/crti.o
 .data          0x0000000000000000        0x4 /usr/lib/gcc/arm-none-eabi/7.3.1/thumb/v7-m/crtbegin.o
 .text          0x0000000000000000       0x68 /usr/lib/gcc/arm-none-eabi/7.3.1/../../../arm-none-eabi/lib/thumb/v7-m/crt0.o
 .data          0x0000000000000000        0x0 /usr/lib/gcc/arm-none-eabi/7.3.1/../../../arm-none-eabi/lib/thumb/v7-m/crt0.o
[...]
Memory Configuration

Name             Origin             Length             Attributes
RAM              0x0000000020000000 0x0000000000010000 xrw
FLASH            0x0000000008000000 0x0000000000080000 xr
*default*        0x0000000000000000 0xffffffffffffffff

Linker script and memory map

LOAD /usr/lib/gcc/arm-none-eabi/7.3.1/thumb/v7-m/crti.o
LOAD /usr/lib/gcc/arm-none-eabi/7.3.1/thumb/v7-m/crtbegin.o
LOAD /usr/lib/gcc/arm-none-eabi/7.3.1/../../../arm-none-eabi/lib/thumb/v7-m/crt0.o
LOAD build/main.o
LOAD build/stm32f1xx_it.o
LOAD build/stm32f1xx_hal_msp.o
LOAD build/stm32f1xx_hal_gpio_ex.o
LOAD build/stm32f1xx_hal_rtc.o
LOAD build/stm32f1xx_hal_rtc_ex.o
LOAD build/stm32f1xx_hal.o
LOAD build/stm32f1xx_hal_rcc.o
LOAD build/stm32f1xx_hal_rcc_ex.o
LOAD build/stm32f1xx_hal_gpio.o
LOAD build/stm32f1xx_hal_dma.o
LOAD build/stm32f1xx_hal_cortex.o
LOAD build/stm32f1xx_hal_pwr.o
LOAD build/stm32f1xx_hal_flash.o
LOAD build/stm32f1xx_hal_flash_ex.o
LOAD build/stm32f1xx_hal_exti.o
LOAD build/stm32f1xx_hal_tim.o
LOAD build/stm32f1xx_hal_tim_ex.o
LOAD build/system_stm32f1xx.o
LOAD build/port.o
LOAD build/tasks.o
LOAD build/timers.o
LOAD build/queue.o
LOAD build/list.o
LOAD build/event_groups.o
LOAD build/stream_buffer.o
LOAD build/heap_3.o
LOAD build/startup_stm32f103xe.o
LOAD /usr/lib/gcc/arm-none-eabi/7.3.1/../../../arm-none-eabi/lib/thumb/v7-m/libc_nano.a
LOAD /usr/lib/gcc/arm-none-eabi/7.3.1/../../../arm-none-eabi/lib/thumb/v7-m/libm.a
LOAD /usr/lib/gcc/arm-none-eabi/7.3.1/../../../arm-none-eabi/lib/thumb/v7-m/libnosys.a
START GROUP
LOAD /usr/lib/gcc/arm-none-eabi/7.3.1/thumb/v7-m/libgcc.a
LOAD /usr/lib/gcc/arm-none-eabi/7.3.1/../../../arm-none-eabi/lib/thumb/v7-m/libc_nano.a
END GROUP
START GROUP
LOAD /usr/lib/gcc/arm-none-eabi/7.3.1/thumb/v7-m/libgcc.a
LOAD /usr/lib/gcc/arm-none-eabi/7.3.1/../../../arm-none-eabi/lib/thumb/v7-m/libc_nano.a
END GROUP
LOAD /usr/lib/gcc/arm-none-eabi/7.3.1/thumb/v7-m/crtend.o
LOAD /usr/lib/gcc/arm-none-eabi/7.3.1/thumb/v7-m/crtn.o
                0x0000000020010000                _estack = (ORIGIN (RAM) + LENGTH (RAM))
                0x0000000000000200                _Min_Heap_Size = 0x200
                0x0000000000000400                _Min_Stack_Size = 0x400

.isr_vector     0x0000000008000000      0x1e4
                0x0000000008000000                . = ALIGN (0x4)
 *(.isr_vector)
 .isr_vector    0x0000000008000000      0x1e4 build/startup_stm32f103xe.o
                0x0000000008000000                g_pfnVectors
                0x00000000080001e4                . = ALIGN (0x4)

.text           0x00000000080001f0     0x280c
                0x00000000080001f0                . = ALIGN (0x4)
 *(.text)
 .text          0x00000000080001f0       0x88 /usr/lib/gcc/arm-none-eabi/7.3.1/thumb/v7-m/crtbegin.o
 .text          0x0000000008000278       0x48 /usr/lib/gcc/arm-none-eabi/7.3.1/../../../arm-none-eabi/lib/thumb/v7-m/libc_nano.a(lib_a-init.o)
                0x0000000008000278                __libc_init_array
 .text          0x00000000080002c0       0x20 /usr/lib/gcc/arm-none-eabi/7.3.1/../../../arm-none-eabi/lib/thumb/v7-m/libc_nano.a(lib_a-malloc.o)
                0x00000000080002c0                malloc
                0x00000000080002d0                free
 .text          0x00000000080002e0       0xec /usr/lib/gcc/arm-none-eabi/7.3.1/../../../arm-none-eabi/lib/thumb/v7-m/libc_nano.a(lib_a-memcpy.o)
                0x00000000080002e0                memcpy
 .text          0x00000000080003cc       0xa8 /usr/lib/gcc/arm-none-eabi/7.3.1/../../../arm-none-eabi/lib/thumb/v7-m/libc_nano.a(lib_a-nano-freer.o)
                0x00000000080003cc                _free_r
 .text          0x0000000008000474       0xc8 /usr/lib/gcc/arm-none-eabi/7.3.1/../../../arm-none-eabi/lib/thumb/v7-m/libc_nano.a(lib_a-nano-mallocr.o)
                0x0000000008000474                _malloc_r
 .text          0x000000000800053c       0x24 /usr/lib/gcc/arm-none-eabi/7.3.1/../../../arm-none-eabi/lib/thumb/v7-m/libc_nano.a(lib_a-sbrkr.o)
                0x000000000800053c                _sbrk_r
 .text          0x0000000008000560        0x8 /usr/lib/gcc/arm-none-eabi/7.3.1/../../../arm-none-eabi/lib/thumb/v7-m/libc_nano.a(lib_a-mlock.o)
                0x0000000008000560                __malloc_lock
                0x0000000008000564                __malloc_unlock
 .text          0x0000000008000568       0x1c /usr/lib/gcc/arm-none-eabi/7.3.1/../../../arm-none-eabi/lib/thumb/v7-m/libnosys.a(sbrk.o)
                0x0000000008000568                _sbrk
 *(.text*)
 .text.vTask1   0x0000000008000584       0x20 build/main.o
                0x0000000008000584                vTask1
 .text.MX_GPIO_Init
                0x00000000080005a4       0x64 build/main.o
 .text.Error_Handler
                0x0000000008000608        0x4 build/main.o
                0x0000000008000608                Error_Handler
 .text.SystemClock_Config
                0x000000000800060c       0x86 build/main.o
                0x000000000800060c                SystemClock_Config
 *fill*         0x0000000008000692        0x2 
 .text.MX_RTC_Init
                0x0000000008000694       0x28 build/main.o
 .text.main     0x00000000080006bc       0x34 build/main.o
                0x00000000080006bc                main
 .text.NMI_Handler
                0x00000000080006f0        0x2 build/stm32f1xx_it.o
                0x00000000080006f0                NMI_Handler
 .text.HardFault_Handler
                0x00000000080006f2        0x2 build/stm32f1xx_it.o
                0x00000000080006f2                HardFault_Handler
 .text.MemManage_Handler
                0x00000000080006f4        0x2 build/stm32f1xx_it.o
                0x00000000080006f4                MemManage_Handler
 .text.BusFault_Handler
                0x00000000080006f6        0x2 build/stm32f1xx_it.o
                0x00000000080006f6                BusFault_Handler
 .text.UsageFault_Handler
                0x00000000080006f8        0x2 build/stm32f1xx_it.o
                0x00000000080006f8                UsageFault_Handler
 .text.DebugMon_Handler
                0x00000000080006fa        0x2 build/stm32f1xx_it.o
                0x00000000080006fa                DebugMon_Handler
 .text.HAL_MspInit
                0x00000000080006fc       0x44 build/stm32f1xx_hal_msp.o
                0x00000000080006fc                HAL_MspInit
 .text.HAL_RTC_MspInit
                0x0000000008000740       0x40 build/stm32f1xx_hal_msp.o
                0x0000000008000740                HAL_RTC_MspInit
 .text.RTC_EnterInitMode
                0x0000000008000780       0x30 build/stm32f1xx_hal_rtc.o
 .text.RTC_ExitInitMode
                0x00000000080007b0       0x32 build/stm32f1xx_hal_rtc.o
 .text.HAL_RTC_WaitForSynchro
                0x00000000080007e2       0x38 build/stm32f1xx_hal_rtc.o
                0x00000000080007e2                HAL_RTC_WaitForSynchro
 *fill*         0x000000000800081a        0x2 
 .text.HAL_RTC_Init
                0x000000000800081c       0xc4 build/stm32f1xx_hal_rtc.o
                0x000000000800081c                HAL_RTC_Init
 .text.HAL_InitTick
                0x00000000080008e0       0x4c build/stm32f1xx_hal.o
                0x00000000080008e0                HAL_InitTick
 .text.HAL_Init
                0x000000000800092c       0x24 build/stm32f1xx_hal.o
                0x000000000800092c                HAL_Init
 .text.HAL_GetTick
                0x0000000008000950        0xc build/stm32f1xx_hal.o
                0x0000000008000950                HAL_GetTick
 .text.RCC_Delay
                0x000000000800095c       0x2c build/stm32f1xx_hal_rcc.o
 .text.HAL_RCC_OscConfig
                0x0000000008000988      0x410 build/stm32f1xx_hal_rcc.o
                0x0000000008000988                HAL_RCC_OscConfig
 .text.HAL_RCC_GetSysClockFreq
                0x0000000008000d98       0x70 build/stm32f1xx_hal_rcc.o
                0x0000000008000d98                HAL_RCC_GetSysClockFreq
 .text.HAL_RCC_ClockConfig
                0x0000000008000e08      0x168 build/stm32f1xx_hal_rcc.o
                0x0000000008000e08                HAL_RCC_ClockConfig
 .text.HAL_RCC_GetHCLKFreq
                0x0000000008000f70        0xc build/stm32f1xx_hal_rcc.o
                0x0000000008000f70                HAL_RCC_GetHCLKFreq
 .text.HAL_RCC_GetPCLK2Freq
                0x0000000008000f7c       0x20 build/stm32f1xx_hal_rcc.o
                0x0000000008000f7c                HAL_RCC_GetPCLK2Freq
 .text.HAL_RCCEx_PeriphCLKConfig
                0x0000000008000f9c      0x114 build/stm32f1xx_hal_rcc_ex.o
                0x0000000008000f9c                HAL_RCCEx_PeriphCLKConfig
 .text.HAL_RCCEx_GetPeriphCLKFreq
                0x00000000080010b0      0x118 build/stm32f1xx_hal_rcc_ex.o
                0x00000000080010b0                HAL_RCCEx_GetPeriphCLKFreq
 .text.HAL_GPIO_Init
                0x00000000080011c8      0x1f4 build/stm32f1xx_hal_gpio.o
                0x00000000080011c8                HAL_GPIO_Init
 .text.HAL_GPIO_WritePin
                0x00000000080013bc        0xc build/stm32f1xx_hal_gpio.o
                0x00000000080013bc                HAL_GPIO_WritePin
 .text.HAL_GPIO_TogglePin
                0x00000000080013c8       0x12 build/stm32f1xx_hal_gpio.o
                0x00000000080013c8                HAL_GPIO_TogglePin
 *fill*         0x00000000080013da        0x2 
 .text.HAL_NVIC_SetPriorityGrouping
                0x00000000080013dc       0x24 build/stm32f1xx_hal_cortex.o
                0x00000000080013dc                HAL_NVIC_SetPriorityGrouping
 .text.HAL_NVIC_SetPriority
                0x0000000008001400       0x68 build/stm32f1xx_hal_cortex.o
                0x0000000008001400                HAL_NVIC_SetPriority
 .text.HAL_SYSTICK_Config
                0x0000000008001468       0x2c build/stm32f1xx_hal_cortex.o
                0x0000000008001468                HAL_SYSTICK_Config
 .text.HAL_PWR_EnableBkUpAccess
                0x0000000008001494        0xc build/stm32f1xx_hal_pwr.o
                0x0000000008001494                HAL_PWR_EnableBkUpAccess
 .text.SystemInit
                0x00000000080014a0        0x2 build/system_stm32f1xx.o
                0x00000000080014a0                SystemInit
 *fill*         0x00000000080014a2        0x2 
 .text.prvTaskExitError
                0x00000000080014a4       0x40 build/port.o
 .text.prvPortStartFirstTask
                0x00000000080014e4       0x20 build/port.o
 .text.pxPortInitialiseStack
                0x0000000008001504       0x24 build/port.o
                0x0000000008001504                pxPortInitialiseStack
 *fill*         0x0000000008001528        0x8 
 .text.vPortSVCHandler
                0x0000000008001530       0x24 build/port.o
                0x0000000008001530                vPortSVCHandler
 .text.vPortEnterCritical
                0x0000000008001554       0x44 build/port.o
                0x0000000008001554                vPortEnterCritical
 .text.vPortExitCritical
                0x0000000008001598       0x2c build/port.o
                0x0000000008001598                vPortExitCritical
 *fill*         0x00000000080015c4        0xc 
 .text.xPortPendSVHandler
                0x00000000080015d0       0x44 build/port.o
                0x00000000080015d0                xPortPendSVHandler
 .text.xPortSysTickHandler
                0x0000000008001614       0x2c build/port.o
                0x0000000008001614                xPortSysTickHandler
 .text.vPortSetupTimerInterrupt
                0x0000000008001640       0x38 build/port.o
                0x0000000008001640                vPortSetupTimerInterrupt
 .text.xPortStartScheduler
                0x0000000008001678       0xb8 build/port.o
                0x0000000008001678                xPortStartScheduler
 .text.prvResetNextTaskUnblockTime
                0x0000000008001730       0x28 build/tasks.o
 .text.prvDeleteTCB
                0x0000000008001758       0x12 build/tasks.o
 .text.prvInitialiseNewTask
                0x000000000800176a       0xa6 build/tasks.o
 .text.prvInitialiseTaskLists
                0x0000000008001810       0x68 build/tasks.o
 .text.prvAddNewTaskToReadyList
                0x0000000008001878       0xc8 build/tasks.o
 .text.prvCheckTasksWaitingTermination
                0x0000000008001940       0x4c build/tasks.o
 .text.prvIdleTask
                0x000000000800198c       0x28 build/tasks.o
 .text.prvAddCurrentTaskToDelayedList
                0x00000000080019b4       0xb4 build/tasks.o
 .text.xTaskCreate
                0x0000000008001a68       0x62 build/tasks.o
                0x0000000008001a68                xTaskCreate
 *fill*         0x0000000008001aca        0x2 
 .text.vTaskStartScheduler
                0x0000000008001acc       0x8c build/tasks.o
                0x0000000008001acc                vTaskStartScheduler
 .text.vTaskSuspendAll
                0x0000000008001b58       0x10 build/tasks.o
                0x0000000008001b58                vTaskSuspendAll
 .text.xTaskGetTickCount
                0x0000000008001b68        0xc build/tasks.o
                0x0000000008001b68                xTaskGetTickCount
 .text.xTaskIncrementTick
                0x0000000008001b74      0x174 build/tasks.o
                0x0000000008001b74                xTaskIncrementTick
 .text.xTaskResumeAll
                0x0000000008001ce8      0x154 build/tasks.o
                0x0000000008001ce8                xTaskResumeAll
 .text.xTaskDelayUntil
                0x0000000008001e3c       0xb0 build/tasks.o
                0x0000000008001e3c                xTaskDelayUntil
 .text.vTaskSwitchContext
                0x0000000008001eec       0x98 build/tasks.o
                0x0000000008001eec                vTaskSwitchContext
 .text.vTaskPlaceOnEventList
                0x0000000008001f84       0x30 build/tasks.o
                0x0000000008001f84                vTaskPlaceOnEventList
 .text.vTaskPlaceOnEventListRestricted
                0x0000000008001fb4       0x54 build/tasks.o
                0x0000000008001fb4                vTaskPlaceOnEventListRestricted
 .text.xTaskRemoveFromEventList
                0x0000000008002008       0xf8 build/tasks.o
                0x0000000008002008                xTaskRemoveFromEventList
 .text.vTaskInternalSetTimeOutState
                0x0000000008002100       0x18 build/tasks.o
                0x0000000008002100                vTaskInternalSetTimeOutState
 .text.xTaskCheckForTimeOut
                0x0000000008002118       0x84 build/tasks.o
                0x0000000008002118                xTaskCheckForTimeOut
 .text.vTaskMissedYield
                0x000000000800219c        0xc build/tasks.o
                0x000000000800219c                vTaskMissedYield
 .text.xTaskGetSchedulerState
                0x00000000080021a8       0x20 build/tasks.o
                0x00000000080021a8                xTaskGetSchedulerState
 .text.prvGetNextExpireTime
                0x00000000080021c8       0x20 build/timers.o
 .text.prvInsertTimerInActiveList
                0x00000000080021e8       0x48 build/timers.o
 .text.prvReloadTimer
                0x0000000008002230       0x28 build/timers.o
 .text.prvProcessExpiredTimer
                0x0000000008002258       0x40 build/timers.o
 .text.prvSwitchTimerLists
                0x0000000008002298       0x30 build/timers.o
 .text.prvSampleTimeNow
                0x00000000080022c8       0x2c build/timers.o
 .text.prvProcessTimerOrBlockTask
                0x00000000080022f4       0x74 build/timers.o
 .text.prvProcessReceivedCommands
                0x0000000008002368       0xf4 build/timers.o
 .text.prvTimerTask
                0x000000000800245c       0x16 build/timers.o
 *fill*         0x0000000008002472        0x2 
 .text.prvCheckForValidListAndQueue
                0x0000000008002474       0x5c build/timers.o
 .text.xTimerCreateTimerTask
                0x00000000080024d0       0x4c build/timers.o
                0x00000000080024d0                xTimerCreateTimerTask
 .text.prvIsQueueEmpty
                0x000000000800251c       0x1a build/queue.o
 .text.prvCopyDataFromQueue
                0x0000000008002536       0x24 build/queue.o
 .text.prvUnlockQueue
                0x000000000800255a       0x6e build/queue.o
 .text.xQueueGenericReset
                0x00000000080025c8       0xa8 build/queue.o
                0x00000000080025c8                xQueueGenericReset
 .text.prvInitialiseNewQueue
                0x0000000008002670       0x1c build/queue.o
 .text.xQueueGenericCreate
                0x000000000800268c       0x58 build/queue.o
                0x000000000800268c                xQueueGenericCreate
 .text.xQueueReceive
                0x00000000080026e4      0x158 build/queue.o
                0x00000000080026e4                xQueueReceive
 .text.vQueueAddToRegistry
                0x000000000800283c       0x60 build/queue.o
                0x000000000800283c                vQueueAddToRegistry
 .text.vQueueWaitForMessageRestricted
                0x000000000800289c       0x52 build/queue.o
                0x000000000800289c                vQueueWaitForMessageRestricted
 .text.vListInitialise
                0x00000000080028ee       0x16 build/list.o
                0x00000000080028ee                vListInitialise
 .text.vListInitialiseItem
                0x0000000008002904        0x6 build/list.o
                0x0000000008002904                vListInitialiseItem
 .text.vListInsert
                0x000000000800290a       0x34 build/list.o
                0x000000000800290a                vListInsert
 .text.uxListRemove
                0x000000000800293e       0x28 build/list.o
                0x000000000800293e                uxListRemove
 .text.pvPortMalloc
                0x0000000008002966       0x18 build/heap_3.o
                0x0000000008002966                pvPortMalloc
 .text.vPortFree
                0x000000000800297e       0x18 build/heap_3.o
                0x000000000800297e                vPortFree
 *fill*         0x0000000008002996        0x2 
 .text.Reset_Handler
                0x0000000008002998       0x48 build/startup_stm32f103xe.o
                0x0000000008002998                Reset_Handler
 .text.Default_Handler
                0x00000000080029e0        0x2 build/startup_stm32f103xe.o
                0x00000000080029e0                RTC_Alarm_IRQHandler
                0x00000000080029e0                EXTI2_IRQHandler
                0x00000000080029e0                TIM8_TRG_COM_IRQHandler
                0x00000000080029e0                TIM8_CC_IRQHandler
                0x00000000080029e0                TIM1_CC_IRQHandler
                0x00000000080029e0                TIM6_IRQHandler
                0x00000000080029e0                PVD_IRQHandler
                0x00000000080029e0                SDIO_IRQHandler
                0x00000000080029e0                EXTI3_IRQHandler
                0x00000000080029e0                EXTI0_IRQHandler
                0x00000000080029e0                I2C2_EV_IRQHandler
                0x00000000080029e0                ADC1_2_IRQHandler
                0x00000000080029e0                SPI1_IRQHandler
                0x00000000080029e0                TAMPER_IRQHandler
                0x00000000080029e0                TIM8_UP_IRQHandler
                0x00000000080029e0                DMA2_Channel2_IRQHandler
                0x00000000080029e0                DMA1_Channel4_IRQHandler
                0x00000000080029e0                USART3_IRQHandler
                0x00000000080029e0                RTC_IRQHandler
                0x00000000080029e0                DMA1_Channel7_IRQHandler
                0x00000000080029e0                CAN1_RX1_IRQHandler
                0x00000000080029e0                UART5_IRQHandler
                0x00000000080029e0                ADC3_IRQHandler
                0x00000000080029e0                TIM4_IRQHandler
                0x00000000080029e0                DMA2_Channel1_IRQHandler
                0x00000000080029e0                I2C1_EV_IRQHandler
                0x00000000080029e0                DMA1_Channel6_IRQHandler
                0x00000000080029e0                UART4_IRQHandler
                0x00000000080029e0                TIM3_IRQHandler
                0x00000000080029e0                RCC_IRQHandler
                0x00000000080029e0                TIM1_TRG_COM_IRQHandler
                0x00000000080029e0                DMA1_Channel1_IRQHandler
                0x00000000080029e0                Default_Handler
                0x00000000080029e0                EXTI15_10_IRQHandler
                0x00000000080029e0                TIM7_IRQHandler
                0x00000000080029e0                TIM5_IRQHandler
                0x00000000080029e0                EXTI9_5_IRQHandler
                0x00000000080029e0                SPI2_IRQHandler
                0x00000000080029e0                DMA1_Channel5_IRQHandler
                0x00000000080029e0                EXTI4_IRQHandler
                0x00000000080029e0                USB_LP_CAN1_RX0_IRQHandler
                0x00000000080029e0                USB_HP_CAN1_TX_IRQHandler
                0x00000000080029e0                DMA1_Channel3_IRQHandler
                0x00000000080029e0                FSMC_IRQHandler
                0x00000000080029e0                TIM1_UP_IRQHandler
                0x00000000080029e0                WWDG_IRQHandler
                0x00000000080029e0                TIM2_IRQHandler
                0x00000000080029e0                TIM1_BRK_IRQHandler
                0x00000000080029e0                EXTI1_IRQHandler
                0x00000000080029e0                DMA2_Channel4_5_IRQHandler
                0x00000000080029e0                USART2_IRQHandler
                0x00000000080029e0                I2C2_ER_IRQHandler
                0x00000000080029e0                DMA1_Channel2_IRQHandler
                0x00000000080029e0                TIM8_BRK_IRQHandler
                0x00000000080029e0                CAN1_SCE_IRQHandler
                0x00000000080029e0                FLASH_IRQHandler
                0x00000000080029e0                USART1_IRQHandler
                0x00000000080029e0                SPI3_IRQHandler
                0x00000000080029e0                I2C1_ER_IRQHandler
                0x00000000080029e0                USBWakeUp_IRQHandler
                0x00000000080029e0                DMA2_Channel3_IRQHandler
 *(.glue_7)
 .glue_7        0x00000000080029e2        0x0 linker stubs
 *(.glue_7t)
 .glue_7t       0x00000000080029e2        0x0 linker stubs
 *(.eh_frame)
 *fill*         0x00000000080029e2        0x2 
 .eh_frame      0x00000000080029e4        0x0 /usr/lib/gcc/arm-none-eabi/7.3.1/thumb/v7-m/crtbegin.o
 *(.init)
 .init          0x00000000080029e4        0x4 /usr/lib/gcc/arm-none-eabi/7.3.1/thumb/v7-m/crti.o
                0x00000000080029e4                _init
 .init          0x00000000080029e8        0x8 /usr/lib/gcc/arm-none-eabi/7.3.1/thumb/v7-m/crtn.o
 *(.fini)
 .fini          0x00000000080029f0        0x4 /usr/lib/gcc/arm-none-eabi/7.3.1/thumb/v7-m/crti.o
                0x00000000080029f0                _fini
 .fini          0x00000000080029f4        0x8 /usr/lib/gcc/arm-none-eabi/7.3.1/thumb/v7-m/crtn.o
                0x00000000080029fc                . = ALIGN (0x4)
                0x00000000080029fc                _etext = .

.vfp11_veneer   0x00000000080029fc        0x0
 .vfp11_veneer  0x00000000080029fc        0x0 linker stubs

.v4_bx          0x00000000080029fc        0x0
 .v4_bx         0x00000000080029fc        0x0 linker stubs

.iplt           0x00000000080029fc        0x0
 .iplt          0x00000000080029fc        0x0 /usr/lib/gcc/arm-none-eabi/7.3.1/thumb/v7-m/crtbegin.o

.rodata         0x00000000080029fc       0x60
                0x00000000080029fc                . = ALIGN (0x4)
 *(.rodata)
 .rodata        0x00000000080029fc       0x12 build/stm32f1xx_hal_rcc.o
 *fill*         0x0000000008002a0e        0x2 
 .rodata        0x0000000008002a10       0x12 build/stm32f1xx_hal_rcc_ex.o
 *(.rodata*)
 *fill*         0x0000000008002a22        0x2 
 .rodata.main.str1.4
                0x0000000008002a24        0x7 build/main.o
 *fill*         0x0000000008002a2b        0x1 
 .rodata.AHBPrescTable
                0x0000000008002a2c       0x10 build/system_stm32f1xx.o
                0x0000000008002a2c                AHBPrescTable
 .rodata.APBPrescTable
                0x0000000008002a3c        0x8 build/system_stm32f1xx.o
                0x0000000008002a3c                APBPrescTable
 .rodata.vTaskStartScheduler.str1.4
                0x0000000008002a44        0x5 build/tasks.o
 *fill*         0x0000000008002a49        0x3 
 .rodata.prvCheckForValidListAndQueue.str1.4
                0x0000000008002a4c        0x5 build/timers.o
 *fill*         0x0000000008002a51        0x3 
 .rodata.xTimerCreateTimerTask.str1.4
                0x0000000008002a54        0x8 build/timers.o
                0x0000000008002a5c                . = ALIGN (0x4)

.rel.dyn        0x0000000008002a5c        0x0
 .rel.iplt      0x0000000008002a5c        0x0 /usr/lib/gcc/arm-none-eabi/7.3.1/thumb/v7-m/crtbegin.o

.ARM.extab
 *(.ARM.extab* .gnu.linkonce.armextab.*)

.ARM            0x0000000008002a5c        0x0
                0x0000000008002a5c                __exidx_start = .
 *(.ARM.exidx*)
                0x0000000008002a5c                __exidx_end = .

.preinit_array  0x0000000008002a5c        0x0
                0x0000000008002a5c                PROVIDE (__preinit_array_start = .)
 *(.preinit_array*)
                0x0000000008002a5c                PROVIDE (__preinit_array_end = .)

.init_array     0x0000000008002a5c        0x4
                0x0000000008002a5c                PROVIDE (__init_array_start = .)
 *(SORT_BY_NAME(.init_array.*))
 *(.init_array*)
 .init_array    0x0000000008002a5c        0x4 /usr/lib/gcc/arm-none-eabi/7.3.1/thumb/v7-m/crtbegin.o
                0x0000000008002a60                PROVIDE (__init_array_end = .)

.fini_array     0x0000000008002a60        0x4
                0x0000000008002a60                PROVIDE (__fini_array_start = .)
 *(SORT_BY_NAME(.fini_array.*))
 *(.fini_array*)
 .fini_array    0x0000000008002a60        0x4 /usr/lib/gcc/arm-none-eabi/7.3.1/thumb/v7-m/crtbegin.o
                0x0000000008002a64                PROVIDE (__fini_array_end = .)
                0x0000000008002a64                _sidata = LOADADDR (.data)

.data           0x0000000020000000       0x78 load address 0x0000000008002a64
                0x0000000020000000                . = ALIGN (0x4)
                0x0000000020000000                _sdata = .
 *(.data)
 .data          0x0000000020000000       0x64 /usr/lib/gcc/arm-none-eabi/7.3.1/../../../arm-none-eabi/lib/thumb/v7-m/libc_nano.a(lib_a-impure.o)
                0x0000000020000000                _impure_ptr
 *(.data*)
 .data.uwTickFreq
                0x0000000020000064        0x1 build/stm32f1xx_hal.o
                0x0000000020000064                uwTickFreq
 *fill*         0x0000000020000065        0x3 
 .data.uwTickPrio
                0x0000000020000068        0x4 build/stm32f1xx_hal.o
                0x0000000020000068                uwTickPrio
 .data.SystemCoreClock
                0x000000002000006c        0x4 build/system_stm32f1xx.o
                0x000000002000006c                SystemCoreClock
 .data.uxCriticalNesting
                0x0000000020000070        0x4 build/port.o
 .data.uxTopUsedPriority
                0x0000000020000074        0x4 build/tasks.o
                0x0000000020000074                uxTopUsedPriority
                0x0000000020000078                . = ALIGN (0x4)
                0x0000000020000078                _edata = .

.tm_clone_table
                0x0000000020000078        0x0 load address 0x0000000008002adc
 .tm_clone_table
                0x0000000020000078        0x0 /usr/lib/gcc/arm-none-eabi/7.3.1/thumb/v7-m/crtbegin.o
 .tm_clone_table
                0x0000000020000078        0x0 /usr/lib/gcc/arm-none-eabi/7.3.1/thumb/v7-m/crtend.o

.igot.plt       0x0000000020000078        0x0 load address 0x0000000008002adc
 .igot.plt      0x0000000020000078        0x0 /usr/lib/gcc/arm-none-eabi/7.3.1/thumb/v7-m/crtbegin.o
                0x0000000020000078                . = ALIGN (0x4)

.bss            0x0000000020000078      0x1f4 load address 0x0000000008002adc
                0x0000000020000078                _sbss = .
                0x0000000020000078                __bss_start__ = _sbss
 *(.bss)
 .bss           0x0000000020000078       0x1c /usr/lib/gcc/arm-none-eabi/7.3.1/thumb/v7-m/crtbegin.o
 .bss           0x0000000020000094        0x8 /usr/lib/gcc/arm-none-eabi/7.3.1/../../../arm-none-eabi/lib/thumb/v7-m/libc_nano.a(lib_a-nano-mallocr.o)
                0x0000000020000094                __malloc_free_list
                0x0000000020000098                __malloc_sbrk_start
 .bss           0x000000002000009c        0x4 /usr/lib/gcc/arm-none-eabi/7.3.1/../../../arm-none-eabi/lib/thumb/v7-m/libnosys.a(sbrk.o)
 *(.bss*)
 .bss.ucMaxSysCallPriority
                0x00000000200000a0        0x1 build/port.o
 *fill*         0x00000000200000a1        0x3 
 .bss.ulMaxPRIGROUPValue
                0x00000000200000a4        0x4 build/port.o
 .bss.pxCurrentTCB
                0x00000000200000a8        0x4 build/tasks.o
                0x00000000200000a8                pxCurrentTCB
 .bss.pxDelayedTaskList
                0x00000000200000ac        0x4 build/tasks.o
 .bss.pxOverflowDelayedTaskList
                0x00000000200000b0        0x4 build/tasks.o
 .bss.pxReadyTasksLists
                0x00000000200000b4       0x8c build/tasks.o
 .bss.uxCurrentNumberOfTasks
                0x0000000020000140        0x4 build/tasks.o
 .bss.uxDeletedTasksWaitingCleanUp
                0x0000000020000144        0x4 build/tasks.o
 .bss.uxSchedulerSuspended
                0x0000000020000148        0x4 build/tasks.o
 .bss.uxTaskNumber
                0x000000002000014c        0x4 build/tasks.o
 .bss.uxTopReadyPriority
                0x0000000020000150        0x4 build/tasks.o
 .bss.xDelayedTaskList1
                0x0000000020000154       0x14 build/tasks.o
 .bss.xDelayedTaskList2
                0x0000000020000168       0x14 build/tasks.o
 .bss.xIdleTaskHandle
                0x000000002000017c        0x4 build/tasks.o
 .bss.xNextTaskUnblockTime
                0x0000000020000180        0x4 build/tasks.o
 .bss.xNumOfOverflows
                0x0000000020000184        0x4 build/tasks.o
 .bss.xPendedTicks
                0x0000000020000188        0x4 build/tasks.o
 .bss.xPendingReadyList
                0x000000002000018c       0x14 build/tasks.o
 .bss.xSchedulerRunning
                0x00000000200001a0        0x4 build/tasks.o
 .bss.xSuspendedTaskList
                0x00000000200001a4       0x14 build/tasks.o
 .bss.xTasksWaitingTermination
                0x00000000200001b8       0x14 build/tasks.o
 .bss.xTickCount
                0x00000000200001cc        0x4 build/tasks.o
 .bss.xYieldPending
                0x00000000200001d0        0x4 build/tasks.o
 .bss.pxCurrentTimerList
                0x00000000200001d4        0x4 build/timers.o
 .bss.pxOverflowTimerList
                0x00000000200001d8        0x4 build/timers.o
 .bss.xActiveTimerList1
                0x00000000200001dc       0x14 build/timers.o
 .bss.xActiveTimerList2
                0x00000000200001f0       0x14 build/timers.o
 .bss.xLastTime.5453
                0x0000000020000204        0x4 build/timers.o
 .bss.xTimerQueue
                0x0000000020000208        0x4 build/timers.o
 .bss.xTimerTaskHandle
                0x000000002000020c        0x4 build/timers.o
 *(COMMON)
 COMMON         0x0000000020000210       0x14 build/main.o
                0x0000000020000210                hrtc
 COMMON         0x0000000020000224        0x4 build/stm32f1xx_hal.o
                0x0000000020000224                uwTick
 COMMON         0x0000000020000228       0x40 build/queue.o
                0x0000000020000228                xQueueRegistry
 COMMON         0x0000000020000268        0x4 /usr/lib/gcc/arm-none-eabi/7.3.1/../../../arm-none-eabi/lib/thumb/v7-m/libc_nano.a(lib_a-reent.o)
                0x0000000020000268                errno
                0x000000002000026c                . = ALIGN (0x4)
                0x000000002000026c                _ebss = .
                0x000000002000026c                __bss_end__ = _ebss

._user_heap_stack
                0x000000002000026c      0x604 load address 0x0000000008002adc
                0x0000000020000270                . = ALIGN (0x8)
 *fill*         0x000000002000026c        0x4 
                0x0000000020000270                PROVIDE (end = .)
                [!provide]                        PROVIDE (_end = .)
                0x0000000020000470                . = (. + _Min_Heap_Size)
 *fill*         0x0000000020000270      0x200 
                0x0000000020000870                . = (. + _Min_Stack_Size)
 *fill*         0x0000000020000470      0x400 
                0x0000000020000870                . = ALIGN (0x8)

/DISCARD/
 libc.a(*)
 libm.a(*)
 libgcc.a(*)

.ARM.attributes
                0x0000000000000000       0x29
 *(.ARM.attributes)
 .ARM.attributes
                0x0000000000000000       0x1d /usr/lib/gcc/arm-none-eabi/7.3.1/thumb/v7-m/crti.o
 .ARM.attributes
                0x000000000000001d       0x2d /usr/lib/gcc/arm-none-eabi/7.3.1/thumb/v7-m/crtbegin.o
 .ARM.attributes
                0x000000000000004a       0x33 build/main.o
 .ARM.attributes
                0x000000000000007d       0x33 build/stm32f1xx_it.o
 .ARM.attributes
                0x00000000000000b0       0x33 build/stm32f1xx_hal_msp.o
 .ARM.attributes
                0x00000000000000e3       0x33 build/stm32f1xx_hal_rtc.o
 .ARM.attributes
                0x0000000000000116       0x33 build/stm32f1xx_hal.o
 .ARM.attributes
                0x0000000000000149       0x33 build/stm32f1xx_hal_rcc.o
 .ARM.attributes
                0x000000000000017c       0x33 build/stm32f1xx_hal_rcc_ex.o
 .ARM.attributes
                0x00000000000001af       0x33 build/stm32f1xx_hal_gpio.o
 .ARM.attributes
                0x00000000000001e2       0x33 build/stm32f1xx_hal_cortex.o
 .ARM.attributes
                0x0000000000000215       0x33 build/stm32f1xx_hal_pwr.o
 .ARM.attributes
                0x0000000000000248       0x33 build/system_stm32f1xx.o
 .ARM.attributes
                0x000000000000027b       0x33 build/port.o
 .ARM.attributes
                0x00000000000002ae       0x33 build/tasks.o
 .ARM.attributes
                0x00000000000002e1       0x33 build/timers.o
 .ARM.attributes
                0x0000000000000314       0x33 build/queue.o
 .ARM.attributes
                0x0000000000000347       0x33 build/list.o
 .ARM.attributes
                0x000000000000037a       0x33 build/heap_3.o
 .ARM.attributes
                0x00000000000003ad       0x21 build/startup_stm32f103xe.o
 .ARM.attributes
                0x00000000000003ce       0x2d /usr/lib/gcc/arm-none-eabi/7.3.1/../../../arm-none-eabi/lib/thumb/v7-m/libc_nano.a(lib_a-impure.o)
 .ARM.attributes
                0x00000000000003fb       0x2d /usr/lib/gcc/arm-none-eabi/7.3.1/../../../arm-none-eabi/lib/thumb/v7-m/libc_nano.a(lib_a-init.o)
 .ARM.attributes
                0x0000000000000428       0x2d /usr/lib/gcc/arm-none-eabi/7.3.1/../../../arm-none-eabi/lib/thumb/v7-m/libc_nano.a(lib_a-malloc.o)
 .ARM.attributes
                0x0000000000000455       0x1b /usr/lib/gcc/arm-none-eabi/7.3.1/../../../arm-none-eabi/lib/thumb/v7-m/libc_nano.a(lib_a-memcpy.o)
 .ARM.attributes
                0x0000000000000470       0x2d /usr/lib/gcc/arm-none-eabi/7.3.1/../../../arm-none-eabi/lib/thumb/v7-m/libc_nano.a(lib_a-nano-freer.o)
 .ARM.attributes
                0x000000000000049d       0x2d /usr/lib/gcc/arm-none-eabi/7.3.1/../../../arm-none-eabi/lib/thumb/v7-m/libc_nano.a(lib_a-nano-mallocr.o)
 .ARM.attributes
                0x00000000000004ca       0x2d /usr/lib/gcc/arm-none-eabi/7.3.1/../../../arm-none-eabi/lib/thumb/v7-m/libc_nano.a(lib_a-sbrkr.o)
 .ARM.attributes
                0x00000000000004f7       0x2d /usr/lib/gcc/arm-none-eabi/7.3.1/../../../arm-none-eabi/lib/thumb/v7-m/libc_nano.a(lib_a-mlock.o)
 .ARM.attributes
                0x0000000000000524       0x2d /usr/lib/gcc/arm-none-eabi/7.3.1/../../../arm-none-eabi/lib/thumb/v7-m/libc_nano.a(lib_a-reent.o)
 .ARM.attributes
                0x0000000000000551       0x2d /usr/lib/gcc/arm-none-eabi/7.3.1/../../../arm-none-eabi/lib/thumb/v7-m/libnosys.a(sbrk.o)
 .ARM.attributes
                0x000000000000057e       0x2d /usr/lib/gcc/arm-none-eabi/7.3.1/thumb/v7-m/crtend.o
 .ARM.attributes
                0x00000000000005ab       0x1d /usr/lib/gcc/arm-none-eabi/7.3.1/thumb/v7-m/crtn.o
OUTPUT(build/stm32f103VET6-LCD_TOUCH.elf elf32-littlearm)

.comment        0x0000000000000000       0xae
 .comment       0x0000000000000000       0x57 /usr/lib/gcc/arm-none-eabi/7.3.1/thumb/v7-m/crtbegin.o
                                         0x58 (size before relaxing)
 .comment       0x0000000000000057       0x58 build/main.o
 .comment       0x0000000000000057       0x58 build/stm32f1xx_it.o
 .comment       0x0000000000000057       0x58 build/stm32f1xx_hal_msp.o
 .comment       0x0000000000000057       0x58 build/stm32f1xx_hal_rtc.o
 .comment       0x0000000000000057       0x58 build/stm32f1xx_hal.o
 .comment       0x0000000000000057       0x58 build/stm32f1xx_hal_rcc.o
 .comment       0x0000000000000057       0x58 build/stm32f1xx_hal_rcc_ex.o
 .comment       0x0000000000000057       0x58 build/stm32f1xx_hal_gpio.o
 .comment       0x0000000000000057       0x58 build/stm32f1xx_hal_cortex.o
 .comment       0x0000000000000057       0x58 build/stm32f1xx_hal_pwr.o
 .comment       0x0000000000000057       0x58 build/system_stm32f1xx.o
 .comment       0x0000000000000057       0x58 build/port.o
 .comment       0x0000000000000057       0x58 build/tasks.o
 .comment       0x0000000000000057       0x58 build/timers.o
 .comment       0x0000000000000057       0x58 build/queue.o
 .comment       0x0000000000000057       0x58 build/list.o
 .comment       0x0000000000000057       0x58 build/heap_3.o
 .comment       0x0000000000000057       0x57 /usr/lib/gcc/arm-none-eabi/7.3.1/../../../arm-none-eabi/lib/thumb/v7-m/libc_nano.a(lib_a-impure.o)
                                         0x58 (size before relaxing)
 .comment       0x00000000000000ae       0x58 /usr/lib/gcc/arm-none-eabi/7.3.1/../../../arm-none-eabi/lib/thumb/v7-m/libc_nano.a(lib_a-init.o)
 .comment       0x00000000000000ae       0x58 /usr/lib/gcc/arm-none-eabi/7.3.1/../../../arm-none-eabi/lib/thumb/v7-m/libc_nano.a(lib_a-malloc.o)
 .comment       0x00000000000000ae       0x58 /usr/lib/gcc/arm-none-eabi/7.3.1/../../../arm-none-eabi/lib/thumb/v7-m/libc_nano.a(lib_a-nano-freer.o)
 .comment       0x00000000000000ae       0x58 /usr/lib/gcc/arm-none-eabi/7.3.1/../../../arm-none-eabi/lib/thumb/v7-m/libc_nano.a(lib_a-nano-mallocr.o)
 .comment       0x00000000000000ae       0x58 /usr/lib/gcc/arm-none-eabi/7.3.1/../../../arm-none-eabi/lib/thumb/v7-m/libc_nano.a(lib_a-sbrkr.o)
 .comment       0x00000000000000ae       0x58 /usr/lib/gcc/arm-none-eabi/7.3.1/../../../arm-none-eabi/lib/thumb/v7-m/libc_nano.a(lib_a-mlock.o)
 .comment       0x00000000000000ae       0x58 /usr/lib/gcc/arm-none-eabi/7.3.1/../../../arm-none-eabi/lib/thumb/v7-m/libc_nano.a(lib_a-reent.o)
 .comment       0x00000000000000ae       0x58 /usr/lib/gcc/arm-none-eabi/7.3.1/../../../arm-none-eabi/lib/thumb/v7-m/libnosys.a(sbrk.o)
 .comment       0x00000000000000ae       0x58 /usr/lib/gcc/arm-none-eabi/7.3.1/thumb/v7-m/crtend.o

.debug_info     0x0000000000000000    0x1365f
 .debug_info    0x0000000000000000      0xa98 build/main.o
 .debug_info    0x0000000000000a98      0x259 build/stm32f1xx_it.o
 .debug_info    0x0000000000000cf1      0x597 build/stm32f1xx_hal_msp.o
 .debug_info    0x0000000000001288     0x149f build/stm32f1xx_hal_rtc.o
 .debug_info    0x0000000000002727      0x8d5 build/stm32f1xx_hal.o
 .debug_info    0x0000000000002ffc      0xaa7 build/stm32f1xx_hal_rcc.o
 .debug_info    0x0000000000003aa3      0x515 build/stm32f1xx_hal_rcc_ex.o
 .debug_info    0x0000000000003fb8      0x71d build/stm32f1xx_hal_gpio.o
 .debug_info    0x00000000000046d5      0xdc8 build/stm32f1xx_hal_cortex.o
 .debug_info    0x000000000000549d      0x7aa build/stm32f1xx_hal_pwr.o
 .debug_info    0x0000000000005c47      0x2c7 build/system_stm32f1xx.o
 .debug_info    0x0000000000005f0e      0x545 build/port.o
 .debug_info    0x0000000000006453     0x31f5 build/tasks.o
 .debug_info    0x0000000000009648     0x1a68 build/timers.o
 .debug_info    0x000000000000b0b0     0x28a7 build/queue.o
 .debug_info    0x000000000000d957      0xbdb build/list.o
 .debug_info    0x000000000000e532      0xa90 build/heap_3.o
 .debug_info    0x000000000000efc2       0x22 build/startup_stm32f103xe.o
 .debug_info    0x000000000000efe4      0x8a4 /usr/lib/gcc/arm-none-eabi/7.3.1/../../../arm-none-eabi/lib/thumb/v7-m/libc_nano.a(lib_a-impure.o)
 .debug_info    0x000000000000f888      0x109 /usr/lib/gcc/arm-none-eabi/7.3.1/../../../arm-none-eabi/lib/thumb/v7-m/libc_nano.a(lib_a-init.o)
 .debug_info    0x000000000000f991      0x921 /usr/lib/gcc/arm-none-eabi/7.3.1/../../../arm-none-eabi/lib/thumb/v7-m/libc_nano.a(lib_a-malloc.o)
 .debug_info    0x00000000000102b2       0x26 /usr/lib/gcc/arm-none-eabi/7.3.1/../../../arm-none-eabi/lib/thumb/v7-m/libc_nano.a(lib_a-memcpy.o)
 .debug_info    0x00000000000102d8      0xac1 /usr/lib/gcc/arm-none-eabi/7.3.1/../../../arm-none-eabi/lib/thumb/v7-m/libc_nano.a(lib_a-nano-freer.o)
 .debug_info    0x0000000000010d99      0xb75 /usr/lib/gcc/arm-none-eabi/7.3.1/../../../arm-none-eabi/lib/thumb/v7-m/libc_nano.a(lib_a-nano-mallocr.o)
 .debug_info    0x000000000001190e      0x95a /usr/lib/gcc/arm-none-eabi/7.3.1/../../../arm-none-eabi/lib/thumb/v7-m/libc_nano.a(lib_a-sbrkr.o)
 .debug_info    0x0000000000012268      0x8d7 /usr/lib/gcc/arm-none-eabi/7.3.1/../../../arm-none-eabi/lib/thumb/v7-m/libc_nano.a(lib_a-mlock.o)
 .debug_info    0x0000000000012b3f      0xa90 /usr/lib/gcc/arm-none-eabi/7.3.1/../../../arm-none-eabi/lib/thumb/v7-m/libc_nano.a(lib_a-reent.o)
 .debug_info    0x00000000000135cf       0x90 /usr/lib/gcc/arm-none-eabi/7.3.1/../../../arm-none-eabi/lib/thumb/v7-m/libnosys.a(sbrk.o)

.debug_abbrev   0x0000000000000000     0x35eb
 .debug_abbrev  0x0000000000000000      0x242 build/main.o
 .debug_abbrev  0x0000000000000242       0xe4 build/stm32f1xx_it.o
 .debug_abbrev  0x0000000000000326      0x184 build/stm32f1xx_hal_msp.o
 .debug_abbrev  0x00000000000004aa      0x24e build/stm32f1xx_hal_rtc.o
 .debug_abbrev  0x00000000000006f8      0x1ed build/stm32f1xx_hal.o
 .debug_abbrev  0x00000000000008e5      0x272 build/stm32f1xx_hal_rcc.o
 .debug_abbrev  0x0000000000000b57      0x1c9 build/stm32f1xx_hal_rcc_ex.o
 .debug_abbrev  0x0000000000000d20      0x213 build/stm32f1xx_hal_gpio.o
 .debug_abbrev  0x0000000000000f33      0x318 build/stm32f1xx_hal_cortex.o
 .debug_abbrev  0x000000000000124b      0x1f1 build/stm32f1xx_hal_pwr.o
 .debug_abbrev  0x000000000000143c      0x133 build/system_stm32f1xx.o
 .debug_abbrev  0x000000000000156f      0x257 build/port.o
 .debug_abbrev  0x00000000000017c6      0x3e0 build/tasks.o
 .debug_abbrev  0x0000000000001ba6      0x33a build/timers.o
 .debug_abbrev  0x0000000000001ee0      0x3a9 build/queue.o
 .debug_abbrev  0x0000000000002289      0x21e build/list.o
 .debug_abbrev  0x00000000000024a7      0x21e build/heap_3.o
 .debug_abbrev  0x00000000000026c5       0x12 build/startup_stm32f103xe.o
 .debug_abbrev  0x00000000000026d7      0x15c /usr/lib/gcc/arm-none-eabi/7.3.1/../../../arm-none-eabi/lib/thumb/v7-m/libc_nano.a(lib_a-impure.o)
 .debug_abbrev  0x0000000000002833       0xba /usr/lib/gcc/arm-none-eabi/7.3.1/../../../arm-none-eabi/lib/thumb/v7-m/libc_nano.a(lib_a-init.o)
 .debug_abbrev  0x00000000000028ed      0x1c9 /usr/lib/gcc/arm-none-eabi/7.3.1/../../../arm-none-eabi/lib/thumb/v7-m/libc_nano.a(lib_a-malloc.o)
 .debug_abbrev  0x0000000000002ab6       0x14 /usr/lib/gcc/arm-none-eabi/7.3.1/../../../arm-none-eabi/lib/thumb/v7-m/libc_nano.a(lib_a-memcpy.o)
 .debug_abbrev  0x0000000000002aca      0x244 /usr/lib/gcc/arm-none-eabi/7.3.1/../../../arm-none-eabi/lib/thumb/v7-m/libc_nano.a(lib_a-nano-freer.o)
 .debug_abbrev  0x0000000000002d0e      0x27f /usr/lib/gcc/arm-none-eabi/7.3.1/../../../arm-none-eabi/lib/thumb/v7-m/libc_nano.a(lib_a-nano-mallocr.o)
 .debug_abbrev  0x0000000000002f8d      0x1df /usr/lib/gcc/arm-none-eabi/7.3.1/../../../arm-none-eabi/lib/thumb/v7-m/libc_nano.a(lib_a-sbrkr.o)
 .debug_abbrev  0x000000000000316c      0x1a1 /usr/lib/gcc/arm-none-eabi/7.3.1/../../../arm-none-eabi/lib/thumb/v7-m/libc_nano.a(lib_a-mlock.o)
 .debug_abbrev  0x000000000000330d      0x24c /usr/lib/gcc/arm-none-eabi/7.3.1/../../../arm-none-eabi/lib/thumb/v7-m/libc_nano.a(lib_a-reent.o)
 .debug_abbrev  0x0000000000003559       0x92 /usr/lib/gcc/arm-none-eabi/7.3.1/../../../arm-none-eabi/lib/thumb/v7-m/libnosys.a(sbrk.o)

.debug_loc      0x0000000000000000     0x8270
 .debug_loc     0x0000000000000000      0x117 build/main.o
 .debug_loc     0x0000000000000117       0x20 build/stm32f1xx_it.o
 .debug_loc     0x0000000000000137       0x85 build/stm32f1xx_hal_msp.o
 .debug_loc     0x00000000000001bc     0x17f3 build/stm32f1xx_hal_rtc.o
 .debug_loc     0x00000000000019af      0x1bb build/stm32f1xx_hal.o
 .debug_loc     0x0000000000001b6a      0x683 build/stm32f1xx_hal_rcc.o
 .debug_loc     0x00000000000021ed      0x392 build/stm32f1xx_hal_rcc_ex.o
 .debug_loc     0x000000000000257f      0x4ad build/stm32f1xx_hal_gpio.o
 .debug_loc     0x0000000000002a2c      0x63d build/stm32f1xx_hal_cortex.o
 .debug_loc     0x0000000000003069       0xf5 build/stm32f1xx_hal_pwr.o
 .debug_loc     0x000000000000315e       0xdf build/system_stm32f1xx.o
 .debug_loc     0x000000000000323d      0x152 build/port.o
 .debug_loc     0x000000000000338f     0x232e build/tasks.o
 .debug_loc     0x00000000000056bd      0xd93 build/timers.o
 .debug_loc     0x0000000000006450     0x1526 build/queue.o
 .debug_loc     0x0000000000007976       0x9c build/list.o
 .debug_loc     0x0000000000007a12       0xbf build/heap_3.o
 .debug_loc     0x0000000000007ad1       0xa2 /usr/lib/gcc/arm-none-eabi/7.3.1/../../../arm-none-eabi/lib/thumb/v7-m/libc_nano.a(lib_a-init.o)
 .debug_loc     0x0000000000007b73       0x58 /usr/lib/gcc/arm-none-eabi/7.3.1/../../../arm-none-eabi/lib/thumb/v7-m/libc_nano.a(lib_a-malloc.o)
 .debug_loc     0x0000000000007bcb      0x181 /usr/lib/gcc/arm-none-eabi/7.3.1/../../../arm-none-eabi/lib/thumb/v7-m/libc_nano.a(lib_a-nano-freer.o)
 .debug_loc     0x0000000000007d4c      0x355 /usr/lib/gcc/arm-none-eabi/7.3.1/../../../arm-none-eabi/lib/thumb/v7-m/libc_nano.a(lib_a-nano-mallocr.o)
 .debug_loc     0x00000000000080a1       0x4d /usr/lib/gcc/arm-none-eabi/7.3.1/../../../arm-none-eabi/lib/thumb/v7-m/libc_nano.a(lib_a-sbrkr.o)
 .debug_loc     0x00000000000080ee      0x14a /usr/lib/gcc/arm-none-eabi/7.3.1/../../../arm-none-eabi/lib/thumb/v7-m/libc_nano.a(lib_a-reent.o)
 .debug_loc     0x0000000000008238       0x38 /usr/lib/gcc/arm-none-eabi/7.3.1/../../../arm-none-eabi/lib/thumb/v7-m/libnosys.a(sbrk.o)

.debug_aranges  0x0000000000000000      0xb00
 .debug_aranges
                0x0000000000000000       0x50 build/main.o
 .debug_aranges
                0x0000000000000050       0x60 build/stm32f1xx_it.o
 .debug_aranges
                0x00000000000000b0       0x30 build/stm32f1xx_hal_msp.o
 .debug_aranges
                0x00000000000000e0       0xf8 build/stm32f1xx_hal_rtc.o
 .debug_aranges
                0x00000000000001d8       0xe0 build/stm32f1xx_hal.o
 .debug_aranges
                0x00000000000002b8       0x90 build/stm32f1xx_hal_rcc.o
 .debug_aranges
                0x0000000000000348       0x30 build/stm32f1xx_hal_rcc_ex.o
 .debug_aranges
                0x0000000000000378       0x58 build/stm32f1xx_hal_gpio.o
 .debug_aranges
                0x00000000000003d0       0x90 build/stm32f1xx_hal_cortex.o
 .debug_aranges
                0x0000000000000460       0xa8 build/stm32f1xx_hal_pwr.o
 .debug_aranges
                0x0000000000000508       0x28 build/system_stm32f1xx.o
 .debug_aranges
                0x0000000000000530       0x78 build/port.o
 .debug_aranges
                0x00000000000005a8      0x1c0 build/tasks.o
 .debug_aranges
                0x0000000000000768       0xd0 build/timers.o
 .debug_aranges
                0x0000000000000838      0x100 build/queue.o
 .debug_aranges
                0x0000000000000938       0x40 build/list.o
 .debug_aranges
                0x0000000000000978       0x28 build/heap_3.o
 .debug_aranges
                0x00000000000009a0       0x28 build/startup_stm32f103xe.o
 .debug_aranges
                0x00000000000009c8       0x18 /usr/lib/gcc/arm-none-eabi/7.3.1/../../../arm-none-eabi/lib/thumb/v7-m/libc_nano.a(lib_a-impure.o)
 .debug_aranges
                0x00000000000009e0       0x20 /usr/lib/gcc/arm-none-eabi/7.3.1/../../../arm-none-eabi/lib/thumb/v7-m/libc_nano.a(lib_a-init.o)
 .debug_aranges
                0x0000000000000a00       0x20 /usr/lib/gcc/arm-none-eabi/7.3.1/../../../arm-none-eabi/lib/thumb/v7-m/libc_nano.a(lib_a-malloc.o)
 .debug_aranges
                0x0000000000000a20       0x20 /usr/lib/gcc/arm-none-eabi/7.3.1/../../../arm-none-eabi/lib/thumb/v7-m/libc_nano.a(lib_a-memcpy.o)
 .debug_aranges
                0x0000000000000a40       0x20 /usr/lib/gcc/arm-none-eabi/7.3.1/../../../arm-none-eabi/lib/thumb/v7-m/libc_nano.a(lib_a-nano-freer.o)
 .debug_aranges
                0x0000000000000a60       0x20 /usr/lib/gcc/arm-none-eabi/7.3.1/../../../arm-none-eabi/lib/thumb/v7-m/libc_nano.a(lib_a-nano-mallocr.o)
 .debug_aranges
                0x0000000000000a80       0x20 /usr/lib/gcc/arm-none-eabi/7.3.1/../../../arm-none-eabi/lib/thumb/v7-m/libc_nano.a(lib_a-sbrkr.o)
 .debug_aranges
                0x0000000000000aa0       0x20 /usr/lib/gcc/arm-none-eabi/7.3.1/../../../arm-none-eabi/lib/thumb/v7-m/libc_nano.a(lib_a-mlock.o)
 .debug_aranges
                0x0000000000000ac0       0x20 /usr/lib/gcc/arm-none-eabi/7.3.1/../../../arm-none-eabi/lib/thumb/v7-m/libc_nano.a(lib_a-reent.o)
 .debug_aranges
                0x0000000000000ae0       0x20 /usr/lib/gcc/arm-none-eabi/7.3.1/../../../arm-none-eabi/lib/thumb/v7-m/libnosys.a(sbrk.o)

.debug_ranges   0x0000000000000000      0xbc0
 .debug_ranges  0x0000000000000000       0x40 build/main.o
 .debug_ranges  0x0000000000000040       0x50 build/stm32f1xx_it.o
 .debug_ranges  0x0000000000000090       0x20 build/stm32f1xx_hal_msp.o
 .debug_ranges  0x00000000000000b0       0xe8 build/stm32f1xx_hal_rtc.o
 .debug_ranges  0x0000000000000198       0xd0 build/stm32f1xx_hal.o
 .debug_ranges  0x0000000000000268       0xa0 build/stm32f1xx_hal_rcc.o
 .debug_ranges  0x0000000000000308       0x38 build/stm32f1xx_hal_rcc_ex.o
 .debug_ranges  0x0000000000000340       0x48 build/stm32f1xx_hal_gpio.o
 .debug_ranges  0x0000000000000388       0xe0 build/stm32f1xx_hal_cortex.o
 .debug_ranges  0x0000000000000468       0x98 build/stm32f1xx_hal_pwr.o
 .debug_ranges  0x0000000000000500       0x18 build/system_stm32f1xx.o
 .debug_ranges  0x0000000000000518       0x68 build/port.o
 .debug_ranges  0x0000000000000580      0x320 build/tasks.o
 .debug_ranges  0x00000000000008a0       0xc0 build/timers.o
 .debug_ranges  0x0000000000000960      0x1b8 build/queue.o
 .debug_ranges  0x0000000000000b18       0x30 build/list.o
 .debug_ranges  0x0000000000000b48       0x18 build/heap_3.o
 .debug_ranges  0x0000000000000b60       0x20 build/startup_stm32f103xe.o
 .debug_ranges  0x0000000000000b80       0x40 /usr/lib/gcc/arm-none-eabi/7.3.1/../../../arm-none-eabi/lib/thumb/v7-m/libc_nano.a(lib_a-nano-mallocr.o)

.debug_line     0x0000000000000000     0x4d05
 .debug_line    0x0000000000000000      0x2a1 build/main.o
 .debug_line    0x00000000000002a1      0x1ba build/stm32f1xx_it.o
 .debug_line    0x000000000000045b      0x1d0 build/stm32f1xx_hal_msp.o
 .debug_line    0x000000000000062b      0x6bf build/stm32f1xx_hal_rtc.o
 .debug_line    0x0000000000000cea      0x35d build/stm32f1xx_hal.o
 .debug_line    0x0000000000001047      0x4a5 build/stm32f1xx_hal_rcc.o
 .debug_line    0x00000000000014ec      0x277 build/stm32f1xx_hal_rcc_ex.o
 .debug_line    0x0000000000001763      0x340 build/stm32f1xx_hal_gpio.o
 .debug_line    0x0000000000001aa3      0x34a build/stm32f1xx_hal_cortex.o
 .debug_line    0x0000000000001ded      0x307 build/stm32f1xx_hal_pwr.o
 .debug_line    0x00000000000020f4      0x191 build/system_stm32f1xx.o
 .debug_line    0x0000000000002285      0x25c build/port.o
 .debug_line    0x00000000000024e1      0xcbb build/tasks.o
 .debug_line    0x000000000000319c      0x47e build/timers.o
 .debug_line    0x000000000000361a      0x8ac build/queue.o
 .debug_line    0x0000000000003ec6      0x1d3 build/list.o
 .debug_line    0x0000000000004099      0x170 build/heap_3.o
 .debug_line    0x0000000000004209       0x75 build/startup_stm32f103xe.o
 .debug_line    0x000000000000427e       0xd4 /usr/lib/gcc/arm-none-eabi/7.3.1/../../../arm-none-eabi/lib/thumb/v7-m/libc_nano.a(lib_a-impure.o)
 .debug_line    0x0000000000004352       0xba /usr/lib/gcc/arm-none-eabi/7.3.1/../../../arm-none-eabi/lib/thumb/v7-m/libc_nano.a(lib_a-init.o)
 .debug_line    0x000000000000440c      0x12a /usr/lib/gcc/arm-none-eabi/7.3.1/../../../arm-none-eabi/lib/thumb/v7-m/libc_nano.a(lib_a-malloc.o)
 .debug_line    0x0000000000004536       0xbe /usr/lib/gcc/arm-none-eabi/7.3.1/../../../arm-none-eabi/lib/thumb/v7-m/libc_nano.a(lib_a-memcpy.o)
 .debug_line    0x00000000000045f4      0x17f /usr/lib/gcc/arm-none-eabi/7.3.1/../../../arm-none-eabi/lib/thumb/v7-m/libc_nano.a(lib_a-nano-freer.o)
 .debug_line    0x0000000000004773      0x196 /usr/lib/gcc/arm-none-eabi/7.3.1/../../../arm-none-eabi/lib/thumb/v7-m/libc_nano.a(lib_a-nano-mallocr.o)
 .debug_line    0x0000000000004909      0x130 /usr/lib/gcc/arm-none-eabi/7.3.1/../../../arm-none-eabi/lib/thumb/v7-m/libc_nano.a(lib_a-sbrkr.o)
 .debug_line    0x0000000000004a39      0x11a /usr/lib/gcc/arm-none-eabi/7.3.1/../../../arm-none-eabi/lib/thumb/v7-m/libc_nano.a(lib_a-mlock.o)
 .debug_line    0x0000000000004b53      0x157 /usr/lib/gcc/arm-none-eabi/7.3.1/../../../arm-none-eabi/lib/thumb/v7-m/libc_nano.a(lib_a-reent.o)
 .debug_line    0x0000000000004caa       0x5b /usr/lib/gcc/arm-none-eabi/7.3.1/../../../arm-none-eabi/lib/thumb/v7-m/libnosys.a(sbrk.o)

.debug_str      0x0000000000000000     0x3f6b
 .debug_str     0x0000000000000000      0x770 build/main.o
                                        0x7f0 (size before relaxing)
 .debug_str     0x0000000000000770       0xb4 build/stm32f1xx_it.o
                                        0x2f7 (size before relaxing)
 .debug_str     0x0000000000000824       0xa1 build/stm32f1xx_hal_msp.o
                                        0x488 (size before relaxing)
 .debug_str     0x00000000000008c5      0x416 build/stm32f1xx_hal_rtc.o
                                        0x869 (size before relaxing)
 .debug_str     0x0000000000000cdb      0x630 build/stm32f1xx_hal.o
                                        0x938 (size before relaxing)
 .debug_str     0x000000000000130b      0x1e2 build/stm32f1xx_hal_rcc.o
                                        0x6a3 (size before relaxing)
 .debug_str     0x00000000000014ed       0x81 build/stm32f1xx_hal_rcc_ex.o
                                        0x4c0 (size before relaxing)
 .debug_str     0x000000000000156e       0xf7 build/stm32f1xx_hal_gpio.o
                                        0x4c1 (size before relaxing)
 .debug_str     0x0000000000001665      0x3b8 build/stm32f1xx_hal_cortex.o
                                        0xa54 (size before relaxing)
 .debug_str     0x0000000000001a1d      0x201 build/stm32f1xx_hal_pwr.o
                                        0x54a (size before relaxing)
 .debug_str     0x0000000000001c1e       0x4f build/system_stm32f1xx.o
                                        0x2d7 (size before relaxing)
 .debug_str     0x0000000000001c6d      0x269 build/port.o
                                        0x424 (size before relaxing)
 .debug_str     0x0000000000001ed6      0xf9c build/tasks.o
                                       0x1383 (size before relaxing)
 .debug_str     0x0000000000002e72      0x4c8 build/timers.o
                                        0xc8f (size before relaxing)
 .debug_str     0x000000000000333a      0x498 build/queue.o
                                        0xe66 (size before relaxing)
 .debug_str     0x00000000000037d2       0x51 build/list.o
                                        0x6b2 (size before relaxing)
 .debug_str     0x0000000000003823       0x26 build/heap_3.o
                                        0x5db (size before relaxing)
 .debug_str     0x0000000000003849       0x24 build/startup_stm32f103xe.o
                                         0x4f (size before relaxing)
 .debug_str     0x000000000000386d      0x18c /usr/lib/gcc/arm-none-eabi/7.3.1/../../../arm-none-eabi/lib/thumb/v7-m/libc_nano.a(lib_a-impure.o)
                                        0x5c4 (size before relaxing)
 .debug_str     0x00000000000039f9       0xde /usr/lib/gcc/arm-none-eabi/7.3.1/../../../arm-none-eabi/lib/thumb/v7-m/libc_nano.a(lib_a-init.o)
                                        0x20b (size before relaxing)
 .debug_str     0x0000000000003ad7       0x9c /usr/lib/gcc/arm-none-eabi/7.3.1/../../../arm-none-eabi/lib/thumb/v7-m/libc_nano.a(lib_a-malloc.o)
                                        0x5f5 (size before relaxing)
 .debug_str     0x0000000000003b73       0x92 /usr/lib/gcc/arm-none-eabi/7.3.1/../../../arm-none-eabi/lib/thumb/v7-m/libc_nano.a(lib_a-memcpy.o)
                                         0xa0 (size before relaxing)
 .debug_str     0x0000000000003c05      0x134 /usr/lib/gcc/arm-none-eabi/7.3.1/../../../arm-none-eabi/lib/thumb/v7-m/libc_nano.a(lib_a-nano-freer.o)
                                        0x6f4 (size before relaxing)
 .debug_str     0x0000000000003d39       0x32 /usr/lib/gcc/arm-none-eabi/7.3.1/../../../arm-none-eabi/lib/thumb/v7-m/libc_nano.a(lib_a-nano-mallocr.o)
                                        0x70b (size before relaxing)
 .debug_str     0x0000000000003d6b       0x6a /usr/lib/gcc/arm-none-eabi/7.3.1/../../../arm-none-eabi/lib/thumb/v7-m/libc_nano.a(lib_a-sbrkr.o)
                                        0x607 (size before relaxing)
 .debug_str     0x0000000000003dd5       0x49 /usr/lib/gcc/arm-none-eabi/7.3.1/../../../arm-none-eabi/lib/thumb/v7-m/libc_nano.a(lib_a-mlock.o)
                                        0x5f0 (size before relaxing)
 .debug_str     0x0000000000003e1e       0x5b /usr/lib/gcc/arm-none-eabi/7.3.1/../../../arm-none-eabi/lib/thumb/v7-m/libc_nano.a(lib_a-reent.o)
                                        0x600 (size before relaxing)
 .debug_str     0x0000000000003e79       0xf2 /usr/lib/gcc/arm-none-eabi/7.3.1/../../../arm-none-eabi/lib/thumb/v7-m/libnosys.a(sbrk.o)
                                        0x10b (size before relaxing)

.debug_frame    0x0000000000000000     0x1df8
 .debug_frame   0x0000000000000000       0xc8 build/main.o
 .debug_frame   0x00000000000000c8       0xac build/stm32f1xx_it.o
 .debug_frame   0x0000000000000174       0x54 build/stm32f1xx_hal_msp.o
 .debug_frame   0x00000000000001c8      0x3ec build/stm32f1xx_hal_rtc.o
 .debug_frame   0x00000000000005b4      0x1e0 build/stm32f1xx_hal.o
 .debug_frame   0x0000000000000794      0x1cc build/stm32f1xx_hal_rcc.o
 .debug_frame   0x0000000000000960       0x74 build/stm32f1xx_hal_rcc_ex.o
 .debug_frame   0x00000000000009d4      0x104 build/stm32f1xx_hal_gpio.o
 .debug_frame   0x0000000000000ad8      0x13c build/stm32f1xx_hal_cortex.o
 .debug_frame   0x0000000000000c14      0x148 build/stm32f1xx_hal_pwr.o
 .debug_frame   0x0000000000000d5c       0x30 build/system_stm32f1xx.o
 .debug_frame   0x0000000000000d8c       0xf4 build/port.o
 .debug_frame   0x0000000000000e80      0x684 build/tasks.o
 .debug_frame   0x0000000000001504      0x2bc build/timers.o
 .debug_frame   0x00000000000017c0      0x3b4 build/queue.o
 .debug_frame   0x0000000000001b74       0x70 build/list.o
 .debug_frame   0x0000000000001be4       0x4c build/heap_3.o
 .debug_frame   0x0000000000001c30       0x2c /usr/lib/gcc/arm-none-eabi/7.3.1/../../../arm-none-eabi/lib/thumb/v7-m/libc_nano.a(lib_a-init.o)
 .debug_frame   0x0000000000001c5c       0x30 /usr/lib/gcc/arm-none-eabi/7.3.1/../../../arm-none-eabi/lib/thumb/v7-m/libc_nano.a(lib_a-malloc.o)
 .debug_frame   0x0000000000001c8c       0x54 /usr/lib/gcc/arm-none-eabi/7.3.1/../../../arm-none-eabi/lib/thumb/v7-m/libc_nano.a(lib_a-nano-freer.o)
 .debug_frame   0x0000000000001ce0       0x30 /usr/lib/gcc/arm-none-eabi/7.3.1/../../../arm-none-eabi/lib/thumb/v7-m/libc_nano.a(lib_a-nano-mallocr.o)
 .debug_frame   0x0000000000001d10       0x2c /usr/lib/gcc/arm-none-eabi/7.3.1/../../../arm-none-eabi/lib/thumb/v7-m/libc_nano.a(lib_a-sbrkr.o)
 .debug_frame   0x0000000000001d3c       0x30 /usr/lib/gcc/arm-none-eabi/7.3.1/../../../arm-none-eabi/lib/thumb/v7-m/libc_nano.a(lib_a-mlock.o)
 .debug_frame   0x0000000000001d6c       0x6c /usr/lib/gcc/arm-none-eabi/7.3.1/../../../arm-none-eabi/lib/thumb/v7-m/libc_nano.a(lib_a-reent.o)
 .debug_frame   0x0000000000001dd8       0x20 /usr/lib/gcc/arm-none-eabi/7.3.1/../../../arm-none-eabi/lib/thumb/v7-m/libnosys.a(sbrk.o)

Cross Reference Table

Symbol                                            File
ADC1_2_IRQHandler                                 build/startup_stm32f103xe.o
ADC3_IRQHandler                                   build/startup_stm32f103xe.o
AHBPrescTable                                     build/system_stm32f1xx.o
                                                  build/stm32f1xx_hal_rcc.o
APBPrescTable                                     build/system_stm32f1xx.o
                                                  build/stm32f1xx_hal_rcc.o
BusFault_Handler                                  build/stm32f1xx_it.o
CAN1_RX1_IRQHandler                               build/startup_stm32f103xe.o
CAN1_SCE_IRQHandler                               build/startup_stm32f103xe.o
DMA1_Channel1_IRQHandler                          build/startup_stm32f103xe.o
DMA1_Channel2_IRQHandler                          build/startup_stm32f103xe.o
DMA1_Channel3_IRQHandler                          build/startup_stm32f103xe.o
DMA1_Channel4_IRQHandler                          build/startup_stm32f103xe.o
DMA1_Channel5_IRQHandler                          build/startup_stm32f103xe.o
DMA1_Channel6_IRQHandler                          build/startup_stm32f103xe.o
DMA1_Channel7_IRQHandler                          build/startup_stm32f103xe.o
DMA2_Channel1_IRQHandler                          build/startup_stm32f103xe.o
DMA2_Channel2_IRQHandler                          build/startup_stm32f103xe.o
DMA2_Channel3_IRQHandler                          build/startup_stm32f103xe.o
DMA2_Channel4_5_IRQHandler                        build/startup_stm32f103xe.o
DebugMon_Handler                                  build/stm32f1xx_it.o
Default_Handler                                   build/startup_stm32f103xe.o
EXTI0_IRQHandler                                  build/startup_stm32f103xe.o
EXTI15_10_IRQHandler                              build/startup_stm32f103xe.o
EXTI1_IRQHandler                                  build/startup_stm32f103xe.o
EXTI2_IRQHandler                                  build/startup_stm32f103xe.o
EXTI3_IRQHandler                                  build/startup_stm32f103xe.o
EXTI4_IRQHandler                                  build/startup_stm32f103xe.o
EXTI9_5_IRQHandler                                build/startup_stm32f103xe.o
Error_Handler                                     build/main.o
FLASH_IRQHandler                                  build/startup_stm32f103xe.o
FLASH_PageErase                                   build/stm32f1xx_hal_flash_ex.o
                                                  build/stm32f1xx_hal_flash.o
FLASH_WaitForLastOperation                        build/stm32f1xx_hal_flash.o
                                                  build/stm32f1xx_hal_flash_ex.o
FSMC_IRQHandler                                   build/startup_stm32f103xe.o
HAL_DBGMCU_DisableDBGSleepMode                    build/stm32f1xx_hal.o
HAL_DBGMCU_DisableDBGStandbyMode                  build/stm32f1xx_hal.o
HAL_DBGMCU_DisableDBGStopMode                     build/stm32f1xx_hal.o
HAL_DBGMCU_EnableDBGSleepMode                     build/stm32f1xx_hal.o
HAL_DBGMCU_EnableDBGStandbyMode                   build/stm32f1xx_hal.o
HAL_DBGMCU_EnableDBGStopMode                      build/stm32f1xx_hal.o
HAL_DMA_Abort                                     build/stm32f1xx_hal_dma.o
HAL_DMA_Abort_IT                                  build/stm32f1xx_hal_dma.o
HAL_DMA_DeInit                                    build/stm32f1xx_hal_dma.o
HAL_DMA_GetError                                  build/stm32f1xx_hal_dma.o
HAL_DMA_GetState                                  build/stm32f1xx_hal_dma.o
HAL_DMA_IRQHandler                                build/stm32f1xx_hal_dma.o
HAL_DMA_Init                                      build/stm32f1xx_hal_dma.o
HAL_DMA_PollForTransfer                           build/stm32f1xx_hal_dma.o
HAL_DMA_RegisterCallback                          build/stm32f1xx_hal_dma.o
HAL_DMA_Start                                     build/stm32f1xx_hal_dma.o
HAL_DMA_Start_IT                                  build/stm32f1xx_hal_dma.o
HAL_DMA_UnRegisterCallback                        build/stm32f1xx_hal_dma.o
HAL_DeInit                                        build/stm32f1xx_hal.o
HAL_Delay                                         build/stm32f1xx_hal.o
HAL_EXTI_ClearConfigLine                          build/stm32f1xx_hal_exti.o
HAL_EXTI_ClearPending                             build/stm32f1xx_hal_exti.o
HAL_EXTI_GenerateSWI                              build/stm32f1xx_hal_exti.o
HAL_EXTI_GetConfigLine                            build/stm32f1xx_hal_exti.o
HAL_EXTI_GetHandle                                build/stm32f1xx_hal_exti.o
HAL_EXTI_GetPending                               build/stm32f1xx_hal_exti.o
HAL_EXTI_IRQHandler                               build/stm32f1xx_hal_exti.o
HAL_EXTI_RegisterCallback                         build/stm32f1xx_hal_exti.o
HAL_EXTI_SetConfigLine                            build/stm32f1xx_hal_exti.o
HAL_FLASHEx_Erase                                 build/stm32f1xx_hal_flash_ex.o
HAL_FLASHEx_Erase_IT                              build/stm32f1xx_hal_flash_ex.o
HAL_FLASHEx_OBErase                               build/stm32f1xx_hal_flash_ex.o
HAL_FLASHEx_OBGetConfig                           build/stm32f1xx_hal_flash_ex.o
HAL_FLASHEx_OBGetUserData                         build/stm32f1xx_hal_flash_ex.o
HAL_FLASHEx_OBProgram                             build/stm32f1xx_hal_flash_ex.o
HAL_FLASH_EndOfOperationCallback                  build/stm32f1xx_hal_flash.o
HAL_FLASH_GetError                                build/stm32f1xx_hal_flash.o
HAL_FLASH_IRQHandler                              build/stm32f1xx_hal_flash.o
HAL_FLASH_Lock                                    build/stm32f1xx_hal_flash.o
HAL_FLASH_OB_Launch                               build/stm32f1xx_hal_flash.o
HAL_FLASH_OB_Lock                                 build/stm32f1xx_hal_flash.o
HAL_FLASH_OB_Unlock                               build/stm32f1xx_hal_flash.o
HAL_FLASH_OperationErrorCallback                  build/stm32f1xx_hal_flash.o
HAL_FLASH_Program                                 build/stm32f1xx_hal_flash.o
HAL_FLASH_Program_IT                              build/stm32f1xx_hal_flash.o
HAL_FLASH_Unlock                                  build/stm32f1xx_hal_flash.o
HAL_GPIOEx_ConfigEventout                         build/stm32f1xx_hal_gpio_ex.o
HAL_GPIOEx_DisableEventout                        build/stm32f1xx_hal_gpio_ex.o
HAL_GPIOEx_EnableEventout                         build/stm32f1xx_hal_gpio_ex.o
HAL_GPIO_DeInit                                   build/stm32f1xx_hal_gpio.o
HAL_GPIO_EXTI_Callback                            build/stm32f1xx_hal_gpio.o
HAL_GPIO_EXTI_IRQHandler                          build/stm32f1xx_hal_gpio.o
HAL_GPIO_Init                                     build/stm32f1xx_hal_gpio.o
                                                  build/stm32f1xx_hal_rcc.o
                                                  build/main.o
HAL_GPIO_LockPin                                  build/stm32f1xx_hal_gpio.o
HAL_GPIO_ReadPin                                  build/stm32f1xx_hal_gpio.o
HAL_GPIO_TogglePin                                build/stm32f1xx_hal_gpio.o
                                                  build/main.o
HAL_GPIO_WritePin                                 build/stm32f1xx_hal_gpio.o
                                                  build/main.o
HAL_GetDEVID                                      build/stm32f1xx_hal.o
HAL_GetHalVersion                                 build/stm32f1xx_hal.o
HAL_GetREVID                                      build/stm32f1xx_hal.o
HAL_GetTick                                       build/stm32f1xx_hal.o
                                                  build/stm32f1xx_hal_flash.o
                                                  build/stm32f1xx_hal_dma.o
                                                  build/stm32f1xx_hal_rcc_ex.o
                                                  build/stm32f1xx_hal_rcc.o
                                                  build/stm32f1xx_hal_rtc_ex.o
                                                  build/stm32f1xx_hal_rtc.o
HAL_GetTickFreq                                   build/stm32f1xx_hal.o
HAL_GetTickPrio                                   build/stm32f1xx_hal.o
HAL_GetUIDw0                                      build/stm32f1xx_hal.o
HAL_GetUIDw1                                      build/stm32f1xx_hal.o
HAL_GetUIDw2                                      build/stm32f1xx_hal.o
HAL_IncTick                                       build/stm32f1xx_hal.o
                                                  build/stm32f1xx_it.o
HAL_Init                                          build/stm32f1xx_hal.o
                                                  build/main.o
HAL_InitTick                                      build/stm32f1xx_hal.o
                                                  build/stm32f1xx_hal_rcc.o
HAL_MspDeInit                                     build/stm32f1xx_hal.o
HAL_MspInit                                       build/stm32f1xx_hal_msp.o
HAL_NVIC_ClearPendingIRQ                          build/stm32f1xx_hal_cortex.o
HAL_NVIC_DisableIRQ                               build/stm32f1xx_hal_cortex.o
HAL_NVIC_EnableIRQ                                build/stm32f1xx_hal_cortex.o
HAL_NVIC_GetActive                                build/stm32f1xx_hal_cortex.o
HAL_NVIC_GetPendingIRQ                            build/stm32f1xx_hal_cortex.o
HAL_NVIC_GetPriority                              build/stm32f1xx_hal_cortex.o
HAL_NVIC_GetPriorityGrouping                      build/stm32f1xx_hal_cortex.o
HAL_NVIC_SetPendingIRQ                            build/stm32f1xx_hal_cortex.o
HAL_NVIC_SetPriority                              build/stm32f1xx_hal_cortex.o
                                                  build/stm32f1xx_hal.o
HAL_NVIC_SetPriorityGrouping                      build/stm32f1xx_hal_cortex.o
                                                  build/stm32f1xx_hal.o
HAL_NVIC_SystemReset                              build/stm32f1xx_hal_cortex.o
                                                  build/stm32f1xx_hal_flash.o
HAL_PWR_ConfigPVD                                 build/stm32f1xx_hal_pwr.o
HAL_PWR_DeInit                                    build/stm32f1xx_hal_pwr.o
HAL_PWR_DisableBkUpAccess                         build/stm32f1xx_hal_pwr.o
HAL_PWR_DisablePVD                                build/stm32f1xx_hal_pwr.o
HAL_PWR_DisableSEVOnPend                          build/stm32f1xx_hal_pwr.o
HAL_PWR_DisableSleepOnExit                        build/stm32f1xx_hal_pwr.o
HAL_PWR_DisableWakeUpPin                          build/stm32f1xx_hal_pwr.o
HAL_PWR_EnableBkUpAccess                          build/stm32f1xx_hal_pwr.o
                                                  build/stm32f1xx_hal_msp.o
HAL_PWR_EnablePVD                                 build/stm32f1xx_hal_pwr.o
HAL_PWR_EnableSEVOnPend                           build/stm32f1xx_hal_pwr.o
HAL_PWR_EnableSleepOnExit                         build/stm32f1xx_hal_pwr.o
HAL_PWR_EnableWakeUpPin                           build/stm32f1xx_hal_pwr.o
HAL_PWR_EnterSLEEPMode                            build/stm32f1xx_hal_pwr.o
HAL_PWR_EnterSTANDBYMode                          build/stm32f1xx_hal_pwr.o
HAL_PWR_EnterSTOPMode                             build/stm32f1xx_hal_pwr.o
HAL_PWR_PVDCallback                               build/stm32f1xx_hal_pwr.o
HAL_PWR_PVD_IRQHandler                            build/stm32f1xx_hal_pwr.o
HAL_RCCEx_GetPeriphCLKConfig                      build/stm32f1xx_hal_rcc_ex.o
HAL_RCCEx_GetPeriphCLKFreq                        build/stm32f1xx_hal_rcc_ex.o
                                                  build/stm32f1xx_hal_rtc.o
HAL_RCCEx_PeriphCLKConfig                         build/stm32f1xx_hal_rcc_ex.o
                                                  build/main.o
HAL_RCC_CSSCallback                               build/stm32f1xx_hal_rcc.o
HAL_RCC_ClockConfig                               build/stm32f1xx_hal_rcc.o
                                                  build/main.o
HAL_RCC_DeInit                                    build/stm32f1xx_hal_rcc.o
HAL_RCC_DisableCSS                                build/stm32f1xx_hal_rcc.o
HAL_RCC_EnableCSS                                 build/stm32f1xx_hal_rcc.o
HAL_RCC_GetClockConfig                            build/stm32f1xx_hal_rcc.o
HAL_RCC_GetHCLKFreq                               build/stm32f1xx_hal_rcc.o
HAL_RCC_GetOscConfig                              build/stm32f1xx_hal_rcc.o
HAL_RCC_GetPCLK1Freq                              build/stm32f1xx_hal_rcc.o
HAL_RCC_GetPCLK2Freq                              build/stm32f1xx_hal_rcc.o
                                                  build/stm32f1xx_hal_rcc_ex.o
HAL_RCC_GetSysClockFreq                           build/stm32f1xx_hal_rcc.o
                                                  build/stm32f1xx_hal_rcc_ex.o
HAL_RCC_MCOConfig                                 build/stm32f1xx_hal_rcc.o
HAL_RCC_NMI_IRQHandler                            build/stm32f1xx_hal_rcc.o
HAL_RCC_OscConfig                                 build/stm32f1xx_hal_rcc.o
                                                  build/main.o
HAL_RTCEx_BKUPRead                                build/stm32f1xx_hal_rtc_ex.o
HAL_RTCEx_BKUPWrite                               build/stm32f1xx_hal_rtc_ex.o
HAL_RTCEx_DeactivateSecond                        build/stm32f1xx_hal_rtc_ex.o
HAL_RTCEx_DeactivateTamper                        build/stm32f1xx_hal_rtc_ex.o
HAL_RTCEx_PollForTamper1Event                     build/stm32f1xx_hal_rtc_ex.o
HAL_RTCEx_RTCEventCallback                        build/stm32f1xx_hal_rtc_ex.o
HAL_RTCEx_RTCEventErrorCallback                   build/stm32f1xx_hal_rtc_ex.o
HAL_RTCEx_RTCIRQHandler                           build/stm32f1xx_hal_rtc_ex.o
HAL_RTCEx_SetSecond_IT                            build/stm32f1xx_hal_rtc_ex.o
HAL_RTCEx_SetSmoothCalib                          build/stm32f1xx_hal_rtc_ex.o
HAL_RTCEx_SetTamper                               build/stm32f1xx_hal_rtc_ex.o
HAL_RTCEx_SetTamper_IT                            build/stm32f1xx_hal_rtc_ex.o
HAL_RTCEx_Tamper1EventCallback                    build/stm32f1xx_hal_rtc_ex.o
HAL_RTCEx_TamperIRQHandler                        build/stm32f1xx_hal_rtc_ex.o
HAL_RTC_AlarmAEventCallback                       build/stm32f1xx_hal_rtc.o
HAL_RTC_AlarmIRQHandler                           build/stm32f1xx_hal_rtc.o
HAL_RTC_DeInit                                    build/stm32f1xx_hal_rtc.o
HAL_RTC_DeactivateAlarm                           build/stm32f1xx_hal_rtc.o
HAL_RTC_GetAlarm                                  build/stm32f1xx_hal_rtc.o
HAL_RTC_GetDate                                   build/stm32f1xx_hal_rtc.o
HAL_RTC_GetState                                  build/stm32f1xx_hal_rtc.o
HAL_RTC_GetTime                                   build/stm32f1xx_hal_rtc.o
HAL_RTC_Init                                      build/stm32f1xx_hal_rtc.o
                                                  build/main.o
HAL_RTC_MspDeInit                                 build/stm32f1xx_hal_msp.o
HAL_RTC_MspInit                                   build/stm32f1xx_hal_msp.o
HAL_RTC_PollForAlarmAEvent                        build/stm32f1xx_hal_rtc.o
HAL_RTC_SetAlarm                                  build/stm32f1xx_hal_rtc.o
HAL_RTC_SetAlarm_IT                               build/stm32f1xx_hal_rtc.o
HAL_RTC_SetDate                                   build/stm32f1xx_hal_rtc.o
HAL_RTC_SetTime                                   build/stm32f1xx_hal_rtc.o
HAL_RTC_WaitForSynchro                            build/stm32f1xx_hal_rtc.o
HAL_ResumeTick                                    build/stm32f1xx_hal.o
HAL_SYSTICK_CLKSourceConfig                       build/stm32f1xx_hal_cortex.o
HAL_SYSTICK_Callback                              build/stm32f1xx_hal_cortex.o
HAL_SYSTICK_Config                                build/stm32f1xx_hal_cortex.o
                                                  build/stm32f1xx_hal.o
HAL_SYSTICK_IRQHandler                            build/stm32f1xx_hal_cortex.o
HAL_SetTickFreq                                   build/stm32f1xx_hal.o
HAL_SuspendTick                                   build/stm32f1xx_hal.o
HardFault_Handler                                 build/stm32f1xx_it.o
I2C1_ER_IRQHandler                                build/startup_stm32f103xe.o
I2C1_EV_IRQHandler                                build/startup_stm32f103xe.o
I2C2_ER_IRQHandler                                build/startup_stm32f103xe.o
I2C2_EV_IRQHandler                                build/startup_stm32f103xe.o
MemManage_Handler                                 build/stm32f1xx_it.o
NMI_Handler                                       build/stm32f1xx_it.o
PVD_IRQHandler                                    build/startup_stm32f103xe.o
PendSV_Handler                                    build/stm32f1xx_it.o
RCC_IRQHandler                                    build/startup_stm32f103xe.o
RTC_Alarm_IRQHandler                              build/startup_stm32f103xe.o
RTC_IRQHandler                                    build/startup_stm32f103xe.o
Reset_Handler                                     build/startup_stm32f103xe.o
SDIO_IRQHandler                                   build/startup_stm32f103xe.o
SPI1_IRQHandler                                   build/startup_stm32f103xe.o
SPI2_IRQHandler                                   build/startup_stm32f103xe.o
SPI3_IRQHandler                                   build/startup_stm32f103xe.o
SVC_Handler                                       build/stm32f1xx_it.o
SysTick_Handler                                   build/stm32f1xx_it.o
SystemClock_Config                                build/main.o
SystemCoreClock                                   build/system_stm32f1xx.o
                                                  build/port.o
                                                  build/stm32f1xx_hal_rcc.o
                                                  build/stm32f1xx_hal.o
SystemCoreClockUpdate                             build/system_stm32f1xx.o
SystemInit                                        build/system_stm32f1xx.o
                                                  build/startup_stm32f103xe.o
TAMPER_IRQHandler                                 build/startup_stm32f103xe.o
TIM1_BRK_IRQHandler                               build/startup_stm32f103xe.o
TIM1_CC_IRQHandler                                build/startup_stm32f103xe.o
TIM1_TRG_COM_IRQHandler                           build/startup_stm32f103xe.o
TIM1_UP_IRQHandler                                build/startup_stm32f103xe.o
TIM2_IRQHandler                                   build/startup_stm32f103xe.o
TIM3_IRQHandler                                   build/startup_stm32f103xe.o
TIM4_IRQHandler                                   build/startup_stm32f103xe.o
TIM5_IRQHandler                                   build/startup_stm32f103xe.o
TIM6_IRQHandler                                   build/startup_stm32f103xe.o
TIM7_IRQHandler                                   build/startup_stm32f103xe.o
TIM8_BRK_IRQHandler                               build/startup_stm32f103xe.o
TIM8_CC_IRQHandler                                build/startup_stm32f103xe.o
TIM8_TRG_COM_IRQHandler                           build/startup_stm32f103xe.o
TIM8_UP_IRQHandler                                build/startup_stm32f103xe.o
UART4_IRQHandler                                  build/startup_stm32f103xe.o
UART5_IRQHandler                                  build/startup_stm32f103xe.o
USART1_IRQHandler                                 build/startup_stm32f103xe.o
USART2_IRQHandler                                 build/startup_stm32f103xe.o
USART3_IRQHandler                                 build/startup_stm32f103xe.o
USBWakeUp_IRQHandler                              build/startup_stm32f103xe.o
USB_HP_CAN1_TX_IRQHandler                         build/startup_stm32f103xe.o
USB_LP_CAN1_RX0_IRQHandler                        build/startup_stm32f103xe.o
UsageFault_Handler                                build/stm32f1xx_it.o
WWDG_IRQHandler                                   build/startup_stm32f103xe.o
_ITM_deregisterTMCloneTable                       /usr/lib/gcc/arm-none-eabi/7.3.1/thumb/v7-m/crtbegin.o
_ITM_registerTMCloneTable                         /usr/lib/gcc/arm-none-eabi/7.3.1/thumb/v7-m/crtbegin.o
__TMC_END__                                       /usr/lib/gcc/arm-none-eabi/7.3.1/thumb/v7-m/crtend.o
                                                  /usr/lib/gcc/arm-none-eabi/7.3.1/thumb/v7-m/crtbegin.o
__atexit_dummy                                    /usr/lib/gcc/arm-none-eabi/7.3.1/../../../arm-none-eabi/lib/thumb/v7-m/libc_nano.a(lib_a-__atexit.o)
__bss_end__                                       /usr/lib/gcc/arm-none-eabi/7.3.1/../../../arm-none-eabi/lib/thumb/v7-m/crt0.o
__bss_start__                                     /usr/lib/gcc/arm-none-eabi/7.3.1/../../../arm-none-eabi/lib/thumb/v7-m/crt0.o
__call_exitprocs                                  /usr/lib/gcc/arm-none-eabi/7.3.1/../../../arm-none-eabi/lib/thumb/v7-m/libc_nano.a(lib_a-__call_atexit.o)
                                                  /usr/lib/gcc/arm-none-eabi/7.3.1/../../../arm-none-eabi/lib/thumb/v7-m/libc_nano.a(lib_a-__atexit.o)
                                                  /usr/lib/gcc/arm-none-eabi/7.3.1/../../../arm-none-eabi/lib/thumb/v7-m/libc_nano.a(lib_a-exit.o)
__deregister_frame_info                           /usr/lib/gcc/arm-none-eabi/7.3.1/thumb/v7-m/crtbegin.o
__dso_handle                                      /usr/lib/gcc/arm-none-eabi/7.3.1/thumb/v7-m/crtbegin.o
__fini_array_end                                  /usr/lib/gcc/arm-none-eabi/7.3.1/../../../arm-none-eabi/lib/thumb/v7-m/libc_nano.a(lib_a-fini.o)
__fini_array_start                                /usr/lib/gcc/arm-none-eabi/7.3.1/../../../arm-none-eabi/lib/thumb/v7-m/libc_nano.a(lib_a-fini.o)
__init_array_end                                  /usr/lib/gcc/arm-none-eabi/7.3.1/../../../arm-none-eabi/lib/thumb/v7-m/libc_nano.a(lib_a-init.o)
__init_array_start                                /usr/lib/gcc/arm-none-eabi/7.3.1/../../../arm-none-eabi/lib/thumb/v7-m/libc_nano.a(lib_a-init.o)
__libc_fini_array                                 /usr/lib/gcc/arm-none-eabi/7.3.1/../../../arm-none-eabi/lib/thumb/v7-m/libc_nano.a(lib_a-fini.o)
                                                  /usr/lib/gcc/arm-none-eabi/7.3.1/../../../arm-none-eabi/lib/thumb/v7-m/crt0.o
__libc_init_array                                 /usr/lib/gcc/arm-none-eabi/7.3.1/../../../arm-none-eabi/lib/thumb/v7-m/libc_nano.a(lib_a-init.o)
                                                  build/startup_stm32f103xe.o
                                                  /usr/lib/gcc/arm-none-eabi/7.3.1/../../../arm-none-eabi/lib/thumb/v7-m/crt0.o
__malloc_free_list                                /usr/lib/gcc/arm-none-eabi/7.3.1/../../../arm-none-eabi/lib/thumb/v7-m/libc_nano.a(lib_a-nano-mallocr.o)
                                                  /usr/lib/gcc/arm-none-eabi/7.3.1/../../../arm-none-eabi/lib/thumb/v7-m/libc_nano.a(lib_a-nano-freer.o)
__malloc_lock                                     /usr/lib/gcc/arm-none-eabi/7.3.1/../../../arm-none-eabi/lib/thumb/v7-m/libc_nano.a(lib_a-mlock.o)
                                                  /usr/lib/gcc/arm-none-eabi/7.3.1/../../../arm-none-eabi/lib/thumb/v7-m/libc_nano.a(lib_a-nano-mallocr.o)
                                                  /usr/lib/gcc/arm-none-eabi/7.3.1/../../../arm-none-eabi/lib/thumb/v7-m/libc_nano.a(lib_a-nano-freer.o)
__malloc_sbrk_start                               /usr/lib/gcc/arm-none-eabi/7.3.1/../../../arm-none-eabi/lib/thumb/v7-m/libc_nano.a(lib_a-nano-mallocr.o)
__malloc_unlock                                   /usr/lib/gcc/arm-none-eabi/7.3.1/../../../arm-none-eabi/lib/thumb/v7-m/libc_nano.a(lib_a-mlock.o)
                                                  /usr/lib/gcc/arm-none-eabi/7.3.1/../../../arm-none-eabi/lib/thumb/v7-m/libc_nano.a(lib_a-nano-mallocr.o)
                                                  /usr/lib/gcc/arm-none-eabi/7.3.1/../../../arm-none-eabi/lib/thumb/v7-m/libc_nano.a(lib_a-nano-freer.o)
__on_exit_args                                    /usr/lib/gcc/arm-none-eabi/7.3.1/../../../arm-none-eabi/lib/thumb/v7-m/libc_nano.a(lib_a-__atexit.o)
__preinit_array_end                               /usr/lib/gcc/arm-none-eabi/7.3.1/../../../arm-none-eabi/lib/thumb/v7-m/libc_nano.a(lib_a-init.o)
__preinit_array_start                             /usr/lib/gcc/arm-none-eabi/7.3.1/../../../arm-none-eabi/lib/thumb/v7-m/libc_nano.a(lib_a-init.o)
__register_exitproc                               /usr/lib/gcc/arm-none-eabi/7.3.1/../../../arm-none-eabi/lib/thumb/v7-m/libc_nano.a(lib_a-__atexit.o)
                                                  /usr/lib/gcc/arm-none-eabi/7.3.1/../../../arm-none-eabi/lib/thumb/v7-m/libc_nano.a(lib_a-atexit.o)
__register_frame_info                             /usr/lib/gcc/arm-none-eabi/7.3.1/thumb/v7-m/crtbegin.o
__sf_fake_stderr                                  /usr/lib/gcc/arm-none-eabi/7.3.1/../../../arm-none-eabi/lib/thumb/v7-m/libc_nano.a(lib_a-impure.o)
__sf_fake_stdin                                   /usr/lib/gcc/arm-none-eabi/7.3.1/../../../arm-none-eabi/lib/thumb/v7-m/libc_nano.a(lib_a-impure.o)
__sf_fake_stdout                                  /usr/lib/gcc/arm-none-eabi/7.3.1/../../../arm-none-eabi/lib/thumb/v7-m/libc_nano.a(lib_a-impure.o)
__stack                                           /usr/lib/gcc/arm-none-eabi/7.3.1/../../../arm-none-eabi/lib/thumb/v7-m/crt0.o
_ebss                                             build/startup_stm32f103xe.o
_edata                                            build/startup_stm32f103xe.o
_estack                                           build/startup_stm32f103xe.o
_exit                                             /usr/lib/gcc/arm-none-eabi/7.3.1/../../../arm-none-eabi/lib/thumb/v7-m/libnosys.a(_exit.o)
                                                  /usr/lib/gcc/arm-none-eabi/7.3.1/../../../arm-none-eabi/lib/thumb/v7-m/libc_nano.a(lib_a-exit.o)
_fini                                             /usr/lib/gcc/arm-none-eabi/7.3.1/thumb/v7-m/crti.o
                                                  /usr/lib/gcc/arm-none-eabi/7.3.1/../../../arm-none-eabi/lib/thumb/v7-m/libc_nano.a(lib_a-fini.o)
_free_r                                           /usr/lib/gcc/arm-none-eabi/7.3.1/../../../arm-none-eabi/lib/thumb/v7-m/libc_nano.a(lib_a-nano-freer.o)
                                                  /usr/lib/gcc/arm-none-eabi/7.3.1/../../../arm-none-eabi/lib/thumb/v7-m/libc_nano.a(lib_a-reent.o)
                                                  /usr/lib/gcc/arm-none-eabi/7.3.1/../../../arm-none-eabi/lib/thumb/v7-m/libc_nano.a(lib_a-malloc.o)
_global_atexit                                    /usr/lib/gcc/arm-none-eabi/7.3.1/../../../arm-none-eabi/lib/thumb/v7-m/libc_nano.a(lib_a-__call_atexit.o)
                                                  /usr/lib/gcc/arm-none-eabi/7.3.1/../../../arm-none-eabi/lib/thumb/v7-m/libc_nano.a(lib_a-__atexit.o)
_global_impure_ptr                                /usr/lib/gcc/arm-none-eabi/7.3.1/../../../arm-none-eabi/lib/thumb/v7-m/libc_nano.a(lib_a-impure.o)
                                                  /usr/lib/gcc/arm-none-eabi/7.3.1/../../../arm-none-eabi/lib/thumb/v7-m/libc_nano.a(lib_a-exit.o)
_impure_ptr                                       /usr/lib/gcc/arm-none-eabi/7.3.1/../../../arm-none-eabi/lib/thumb/v7-m/libc_nano.a(lib_a-impure.o)
                                                  /usr/lib/gcc/arm-none-eabi/7.3.1/../../../arm-none-eabi/lib/thumb/v7-m/libc_nano.a(lib_a-reent.o)
                                                  /usr/lib/gcc/arm-none-eabi/7.3.1/../../../arm-none-eabi/lib/thumb/v7-m/libc_nano.a(lib_a-malloc.o)
_init                                             /usr/lib/gcc/arm-none-eabi/7.3.1/thumb/v7-m/crti.o
                                                  /usr/lib/gcc/arm-none-eabi/7.3.1/../../../arm-none-eabi/lib/thumb/v7-m/libc_nano.a(lib_a-init.o)
_mainCRTStartup                                   /usr/lib/gcc/arm-none-eabi/7.3.1/../../../arm-none-eabi/lib/thumb/v7-m/crt0.o
_malloc_r                                         /usr/lib/gcc/arm-none-eabi/7.3.1/../../../arm-none-eabi/lib/thumb/v7-m/libc_nano.a(lib_a-nano-mallocr.o)
                                                  /usr/lib/gcc/arm-none-eabi/7.3.1/../../../arm-none-eabi/lib/thumb/v7-m/libc_nano.a(lib_a-malloc.o)
_reclaim_reent                                    /usr/lib/gcc/arm-none-eabi/7.3.1/../../../arm-none-eabi/lib/thumb/v7-m/libc_nano.a(lib_a-reent.o)
_sbrk                                             /usr/lib/gcc/arm-none-eabi/7.3.1/../../../arm-none-eabi/lib/thumb/v7-m/libnosys.a(sbrk.o)
                                                  /usr/lib/gcc/arm-none-eabi/7.3.1/../../../arm-none-eabi/lib/thumb/v7-m/libc_nano.a(lib_a-sbrkr.o)
_sbrk_r                                           /usr/lib/gcc/arm-none-eabi/7.3.1/../../../arm-none-eabi/lib/thumb/v7-m/libc_nano.a(lib_a-sbrkr.o)
                                                  /usr/lib/gcc/arm-none-eabi/7.3.1/../../../arm-none-eabi/lib/thumb/v7-m/libc_nano.a(lib_a-nano-mallocr.o)
_sbss                                             build/startup_stm32f103xe.o
_sdata                                            build/startup_stm32f103xe.o
_sidata                                           build/startup_stm32f103xe.o
_start                                            /usr/lib/gcc/arm-none-eabi/7.3.1/../../../arm-none-eabi/lib/thumb/v7-m/crt0.o
atexit                                            /usr/lib/gcc/arm-none-eabi/7.3.1/../../../arm-none-eabi/lib/thumb/v7-m/libc_nano.a(lib_a-atexit.o)
                                                  /usr/lib/gcc/arm-none-eabi/7.3.1/../../../arm-none-eabi/lib/thumb/v7-m/crt0.o
cleanup_glue                                      /usr/lib/gcc/arm-none-eabi/7.3.1/../../../arm-none-eabi/lib/thumb/v7-m/libc_nano.a(lib_a-reent.o)
end                                               /usr/lib/gcc/arm-none-eabi/7.3.1/../../../arm-none-eabi/lib/thumb/v7-m/libnosys.a(sbrk.o)
errno                                             /usr/lib/gcc/arm-none-eabi/7.3.1/../../../arm-none-eabi/lib/thumb/v7-m/libc_nano.a(lib_a-reent.o)
                                                  /usr/lib/gcc/arm-none-eabi/7.3.1/../../../arm-none-eabi/lib/thumb/v7-m/libc_nano.a(lib_a-sbrkr.o)
exit                                              /usr/lib/gcc/arm-none-eabi/7.3.1/../../../arm-none-eabi/lib/thumb/v7-m/libc_nano.a(lib_a-exit.o)
                                                  /usr/lib/gcc/arm-none-eabi/7.3.1/../../../arm-none-eabi/lib/thumb/v7-m/crt0.o
free                                              /usr/lib/gcc/arm-none-eabi/7.3.1/../../../arm-none-eabi/lib/thumb/v7-m/libc_nano.a(lib_a-malloc.o)
                                                  build/heap_3.o
g_pfnVectors                                      build/startup_stm32f103xe.o
hardware_init_hook                                /usr/lib/gcc/arm-none-eabi/7.3.1/../../../arm-none-eabi/lib/thumb/v7-m/crt0.o
hrtc                                              build/main.o
main                                              build/main.o
                                                  build/startup_stm32f103xe.o
                                                  /usr/lib/gcc/arm-none-eabi/7.3.1/../../../arm-none-eabi/lib/thumb/v7-m/crt0.o
malloc                                            /usr/lib/gcc/arm-none-eabi/7.3.1/../../../arm-none-eabi/lib/thumb/v7-m/libc_nano.a(lib_a-malloc.o)
                                                  /usr/lib/gcc/arm-none-eabi/7.3.1/../../../arm-none-eabi/lib/thumb/v7-m/libc_nano.a(lib_a-__atexit.o)
                                                  build/heap_3.o
memcpy                                            /usr/lib/gcc/arm-none-eabi/7.3.1/../../../arm-none-eabi/lib/thumb/v7-m/libc_nano.a(lib_a-memcpy.o)
                                                  build/stream_buffer.o
                                                  build/queue.o
memset                                            /usr/lib/gcc/arm-none-eabi/7.3.1/../../../arm-none-eabi/lib/thumb/v7-m/libc_nano.a(lib_a-memset.o)
                                                  build/stream_buffer.o
                                                  /usr/lib/gcc/arm-none-eabi/7.3.1/../../../arm-none-eabi/lib/thumb/v7-m/crt0.o
pFlash                                            build/stm32f1xx_hal_flash.o
                                                  build/stm32f1xx_hal_flash_ex.o
pcQueueGetName                                    build/queue.o
pcTaskGetName                                     build/tasks.o
pcTimerGetName                                    build/timers.o